Archive member included to satisfy reference by file (symbol)

e:/atmelstudio7/7.0/toolchain/avr8/avr8-gnu-toolchain/bin/../lib/gcc/avr/5.4.0/../../../../avr/lib/avr51\libprintf_flt.a(vfprintf_flt.o)
                              (vfprintf)
e:/atmelstudio7/7.0/toolchain/avr8/avr8-gnu-toolchain/bin/../lib/gcc/avr/5.4.0/avr51\libgcc.a(_exit.o)
                              E:/AtmelStudio7/7.0/Packs/Atmel/ATmega_DFP/1.3.300/gcc/dev/atmega128a/avr51/crtatmega128a.o (exit)
e:/atmelstudio7/7.0/toolchain/avr8/avr8-gnu-toolchain/bin/../lib/gcc/avr/5.4.0/avr51\libgcc.a(_tablejump2.o)
                              protocol/ATT.o (__tablejump2__)
e:/atmelstudio7/7.0/toolchain/avr8/avr8-gnu-toolchain/bin/../lib/gcc/avr/5.4.0/avr51\libgcc.a(_copy_data.o)
                              main.o (__do_copy_data)
e:/atmelstudio7/7.0/toolchain/avr8/avr8-gnu-toolchain/bin/../lib/gcc/avr/5.4.0/avr51\libgcc.a(_clear_bss.o)
                              main.o (__do_clear_bss)
e:/atmelstudio7/7.0/toolchain/avr8/avr8-gnu-toolchain/bin/../lib/gcc/avr/5.4.0/avr51\libgcc.a(_ctors.o)
                              main.o (__do_global_ctors)
e:/atmelstudio7/7.0/toolchain/avr8/avr8-gnu-toolchain/bin/../lib/gcc/avr/5.4.0/avr51\libgcc.a(_dtors.o)
                              main.o (__do_global_dtors)
e:/atmelstudio7/7.0/toolchain/avr8/avr8-gnu-toolchain/bin/../lib/gcc/avr/5.4.0/../../../../avr/lib/avr51\libc.a(malloc.o)
                              peripheral/LocalCharacteristic.o (malloc)
e:/atmelstudio7/7.0/toolchain/avr8/avr8-gnu-toolchain/bin/../lib/gcc/avr/5.4.0/../../../../avr/lib/avr51\libc.a(realloc.o)
                              protocol/ATT.o (realloc)
e:/atmelstudio7/7.0/toolchain/avr8/avr8-gnu-toolchain/bin/../lib/gcc/avr/5.4.0/../../../../avr/lib/avr51\libc.a(strtoul.o)
                              profile/BLEUUID.o (strtoul)
e:/atmelstudio7/7.0/toolchain/avr8/avr8-gnu-toolchain/bin/../lib/gcc/avr/5.4.0/../../../../avr/lib/avr51\libc.a(ftoa_engine.o)
                              e:/atmelstudio7/7.0/toolchain/avr8/avr8-gnu-toolchain/bin/../lib/gcc/avr/5.4.0/../../../../avr/lib/avr51\libprintf_flt.a(vfprintf_flt.o) (__ftoa_engine)
e:/atmelstudio7/7.0/toolchain/avr8/avr8-gnu-toolchain/bin/../lib/gcc/avr/5.4.0/../../../../avr/lib/avr51\libc.a(isspace.o)
                              e:/atmelstudio7/7.0/toolchain/avr8/avr8-gnu-toolchain/bin/../lib/gcc/avr/5.4.0/../../../../avr/lib/avr51\libc.a(strtoul.o) (isspace)
e:/atmelstudio7/7.0/toolchain/avr8/avr8-gnu-toolchain/bin/../lib/gcc/avr/5.4.0/../../../../avr/lib/avr51\libc.a(strnlen_P.o)
                              e:/atmelstudio7/7.0/toolchain/avr8/avr8-gnu-toolchain/bin/../lib/gcc/avr/5.4.0/../../../../avr/lib/avr51\libprintf_flt.a(vfprintf_flt.o) (strnlen_P)
e:/atmelstudio7/7.0/toolchain/avr8/avr8-gnu-toolchain/bin/../lib/gcc/avr/5.4.0/../../../../avr/lib/avr51\libc.a(memcmp.o)
                              profile/BLEDevice.o (memcmp)
e:/atmelstudio7/7.0/toolchain/avr8/avr8-gnu-toolchain/bin/../lib/gcc/avr/5.4.0/../../../../avr/lib/avr51\libc.a(memcpy.o)
                              peripheral/LocalCharacteristic.o (memcpy)
e:/atmelstudio7/7.0/toolchain/avr8/avr8-gnu-toolchain/bin/../lib/gcc/avr/5.4.0/../../../../avr/lib/avr51\libc.a(memset.o)
                              protocol/ATT.o (memset)
e:/atmelstudio7/7.0/toolchain/avr8/avr8-gnu-toolchain/bin/../lib/gcc/avr/5.4.0/../../../../avr/lib/avr51\libc.a(strnlen.o)
                              e:/atmelstudio7/7.0/toolchain/avr8/avr8-gnu-toolchain/bin/../lib/gcc/avr/5.4.0/../../../../avr/lib/avr51\libprintf_flt.a(vfprintf_flt.o) (strnlen)
e:/atmelstudio7/7.0/toolchain/avr8/avr8-gnu-toolchain/bin/../lib/gcc/avr/5.4.0/../../../../avr/lib/avr51\libc.a(fputc.o)
                              e:/atmelstudio7/7.0/toolchain/avr8/avr8-gnu-toolchain/bin/../lib/gcc/avr/5.4.0/../../../../avr/lib/avr51\libprintf_flt.a(vfprintf_flt.o) (fputc)
e:/atmelstudio7/7.0/toolchain/avr8/avr8-gnu-toolchain/bin/../lib/gcc/avr/5.4.0/../../../../avr/lib/avr51\libc.a(sprintf.o)
                              peripheral/LocalDevice.o (sprintf)
e:/atmelstudio7/7.0/toolchain/avr8/avr8-gnu-toolchain/bin/../lib/gcc/avr/5.4.0/../../../../avr/lib/avr51\libc.a(ultoa_invert.o)
                              e:/atmelstudio7/7.0/toolchain/avr8/avr8-gnu-toolchain/bin/../lib/gcc/avr/5.4.0/../../../../avr/lib/avr51\libprintf_flt.a(vfprintf_flt.o) (__ultoa_invert)
e:/atmelstudio7/7.0/toolchain/avr8/avr8-gnu-toolchain/bin/../lib/gcc/avr/5.4.0/../../../../avr/lib/avr51\libc.a(errno.o)
                              e:/atmelstudio7/7.0/toolchain/avr8/avr8-gnu-toolchain/bin/../lib/gcc/avr/5.4.0/../../../../avr/lib/avr51\libc.a(strtoul.o) (errno)
e:/atmelstudio7/7.0/toolchain/avr8/avr8-gnu-toolchain/bin/../lib/gcc/avr/5.4.0/../../../../avr/lib/avr51\libc.a(cty_isfalse.o)
                              e:/atmelstudio7/7.0/toolchain/avr8/avr8-gnu-toolchain/bin/../lib/gcc/avr/5.4.0/../../../../avr/lib/avr51\libc.a(isspace.o) (__ctype_isfalse)
[...]
Memory Configuration

Name             Origin             Length             Attributes
text             0x00000000         0x00020000         xr
data             0x00800100         0x0000ff00         rw !x
eeprom           0x00810000         0x00010000         rw !x
fuse             0x00820000         0x00000003         rw !x
lock             0x00830000         0x00000400         rw !x
signature        0x00840000         0x00000400         rw !x
user_signatures  0x00850000         0x00000400         rw !x
*default*        0x00000000         0xffffffff

Linker script and memory map

Address of section .data set to 0x800100
LOAD E:/AtmelStudio7/7.0/Packs/Atmel/ATmega_DFP/1.3.300/gcc/dev/atmega128a/avr51/crtatmega128a.o
LOAD main.o
LOAD peripheral/LocalCharacteristic.o
LOAD peripheral/LocalDescriptor.o
LOAD peripheral/LocalDevice.o
LOAD peripheral/LocalService.o
LOAD profile/BLEAttribute.o
LOAD profile/BLECharacteristic.o
LOAD profile/BLEDescriptor.o
LOAD profile/BLEDevice.o
LOAD profile/BLEService.o
LOAD profile/BLETypedCharacteristics.o
LOAD profile/BLEUUID.o
LOAD protocol/ATT.o
LOAD protocol/GAP.o
LOAD protocol/GATT.o
LOAD protocol/HCI.o
LOAD protocol/HCIUartTransport.o
LOAD protocol/L2CAPSignaling.o
LOAD system/XLinkedList.o
LOAD system/XTimer.o
LOAD system/XUart.o
LOAD system/XUtil.o
START GROUP
LOAD e:/atmelstudio7/7.0/toolchain/avr8/avr8-gnu-toolchain/bin/../lib/gcc/avr/5.4.0/../../../../avr/lib/avr51\libm.a
END GROUP
LOAD e:/atmelstudio7/7.0/toolchain/avr8/avr8-gnu-toolchain/bin/../lib/gcc/avr/5.4.0/../../../../avr/lib/avr51\libprintf_flt.a
LOAD e:/atmelstudio7/7.0/toolchain/avr8/avr8-gnu-toolchain/bin/../lib/gcc/avr/5.4.0/avr51\libgcc.a
LOAD e:/atmelstudio7/7.0/toolchain/avr8/avr8-gnu-toolchain/bin/../lib/gcc/avr/5.4.0/../../../../avr/lib/avr51\libm.a
START GROUP
LOAD e:/atmelstudio7/7.0/toolchain/avr8/avr8-gnu-toolchain/bin/../lib/gcc/avr/5.4.0/avr51\libgcc.a
LOAD e:/atmelstudio7/7.0/toolchain/avr8/avr8-gnu-toolchain/bin/../lib/gcc/avr/5.4.0/../../../../avr/lib/avr51\libm.a
LOAD e:/atmelstudio7/7.0/toolchain/avr8/avr8-gnu-toolchain/bin/../lib/gcc/avr/5.4.0/../../../../avr/lib/avr51\libc.a
LOAD E:/AtmelStudio7/7.0/Packs/Atmel/ATmega_DFP/1.3.300/gcc/dev/atmega128a/avr51\libatmega128a.a
END GROUP
                0x00020000                __TEXT_REGION_LENGTH__ = DEFINED (__TEXT_REGION_LENGTH__)?__TEXT_REGION_LENGTH__:0x20000
                0x0000ff00                __DATA_REGION_LENGTH__ = DEFINED (__DATA_REGION_LENGTH__)?__DATA_REGION_LENGTH__:0xff00
                0x00010000                __EEPROM_REGION_LENGTH__ = DEFINED (__EEPROM_REGION_LENGTH__)?__EEPROM_REGION_LENGTH__:0x10000
                [0x00000003]                __FUSE_REGION_LENGTH__ = DEFINED (__FUSE_REGION_LENGTH__)?__FUSE_REGION_LENGTH__:0x400
                0x00000400                __LOCK_REGION_LENGTH__ = DEFINED (__LOCK_REGION_LENGTH__)?__LOCK_REGION_LENGTH__:0x400
                0x00000400                __SIGNATURE_REGION_LENGTH__ = DEFINED (__SIGNATURE_REGION_LENGTH__)?__SIGNATURE_REGION_LENGTH__:0x400
                0x00000400                __USER_SIGNATURE_REGION_LENGTH__ = DEFINED (__USER_SIGNATURE_REGION_LENGTH__)?__USER_SIGNATURE_REGION_LENGTH__:0x400

.hash
 *(.hash)

.dynsym
 *(.dynsym)

.dynstr
 *(.dynstr)

.gnu.version
 *(.gnu.version)

.gnu.version_d
 *(.gnu.version_d)

.gnu.version_r
 *(.gnu.version_r)

.rel.init
 *(.rel.init)

.rela.init
 *(.rela.init)

.rel.text
 *(.rel.text)
 *(.rel.text.*)
 *(.rel.gnu.linkonce.t*)

.rela.text
 *(.rela.text)
 *(.rela.text.*)
 *(.rela.gnu.linkonce.t*)

.rel.fini
 *(.rel.fini)

.rela.fini
 *(.rela.fini)

.rel.rodata
 *(.rel.rodata)
 *(.rel.rodata.*)
 *(.rel.gnu.linkonce.r*)

.rela.rodata
 *(.rela.rodata)
 *(.rela.rodata.*)
 *(.rela.gnu.linkonce.r*)

.rel.data
 *(.rel.data)
 *(.rel.data.*)
 *(.rel.gnu.linkonce.d*)

.rela.data
 *(.rela.data)
 *(.rela.data.*)
 *(.rela.gnu.linkonce.d*)

.rel.ctors
 *(.rel.ctors)

.rela.ctors
 *(.rela.ctors)

.rel.dtors
 *(.rel.dtors)

.rela.dtors
 *(.rela.dtors)

.rel.got
 *(.rel.got)

.rela.got
 *(.rela.got)

.rel.bss
 *(.rel.bss)

.rela.bss
 *(.rela.bss)

.rel.plt
 *(.rel.plt)

.rela.plt
 *(.rela.plt)

.text           0x00000000     0x4c14
 *(.vectors)
 .vectors       0x00000000       0x8c E:/AtmelStudio7/7.0/Packs/Atmel/ATmega_DFP/1.3.300/gcc/dev/atmega128a/avr51/crtatmega128a.o
                0x00000000                __vector_default
                0x00000000                __vectors
 *(.vectors)
 *(.progmem.gcc*)
 .progmem.gcc_sw_table._ZN8ATTClass10handleDataEjhPh
                0x0000008c       0xa2 protocol/ATT.o
                0x0000012e                . = ALIGN (0x2)
                0x0000012e                __trampolines_start = .
 *(.trampolines)
 .trampolines   0x0000012e        0x0 linker stubs
 *(.trampolines*)
                0x0000012e                __trampolines_end = .
 *libprintf_flt.a:*(.progmem.data)
 .progmem.data  0x0000012e        0x8 e:/atmelstudio7/7.0/toolchain/avr8/avr8-gnu-toolchain/bin/../lib/gcc/avr/5.4.0/../../../../avr/lib/avr51\libprintf_flt.a(vfprintf_flt.o)
 *libc.a:*(.progmem.data)
 .progmem.data  0x00000136       0xfa e:/atmelstudio7/7.0/toolchain/avr8/avr8-gnu-toolchain/bin/../lib/gcc/avr/5.4.0/../../../../avr/lib/avr51\libc.a(ftoa_engine.o)
 *(.progmem*)
                0x00000230                . = ALIGN (0x2)
 *(.jumptables)
 *(.jumptables*)
 *(.lowtext)
 *(.lowtext*)
                0x00000230                __ctors_start = .
 *(.ctors)
 .ctors         0x00000230        0x2 main.o
 .ctors         0x00000232        0x2 peripheral/LocalDevice.o
 .ctors         0x00000234        0x2 protocol/ATT.o
 .ctors         0x00000236        0x2 protocol/GAP.o
 .ctors         0x00000238        0x2 protocol/GATT.o
 .ctors         0x0000023a        0x2 protocol/HCI.o
 .ctors         0x0000023c        0x2 protocol/HCIUartTransport.o
 .ctors         0x0000023e        0x2 protocol/L2CAPSignaling.o
 .ctors         0x00000240        0x2 system/XUart.o
                0x00000242                __ctors_end = .
                0x00000242                __dtors_start = .
 *(.dtors)
 .dtors         0x00000242        0x2 main.o
 .dtors         0x00000244        0x2 peripheral/LocalDevice.o
 .dtors         0x00000246        0x2 protocol/ATT.o
 .dtors         0x00000248        0x2 protocol/GATT.o
                0x0000024a                __dtors_end = .
 SORT(*)(.ctors)
 SORT(*)(.dtors)
 *(.init0)
 .init0         0x0000024a        0x0 E:/AtmelStudio7/7.0/Packs/Atmel/ATmega_DFP/1.3.300/gcc/dev/atmega128a/avr51/crtatmega128a.o
                0x0000024a                __init
 *(.init0)
 *(.init1)
 *(.init1)
 *(.init2)
 .init2         0x0000024a        0xc E:/AtmelStudio7/7.0/Packs/Atmel/ATmega_DFP/1.3.300/gcc/dev/atmega128a/avr51/crtatmega128a.o
 *(.init2)
 *(.init3)
 *(.init3)
 *(.init4)
 .init4         0x00000256       0x1a e:/atmelstudio7/7.0/toolchain/avr8/avr8-gnu-toolchain/bin/../lib/gcc/avr/5.4.0/avr51\libgcc.a(_copy_data.o)
                0x00000256                __do_copy_data
 .init4         0x00000270       0x10 e:/atmelstudio7/7.0/toolchain/avr8/avr8-gnu-toolchain/bin/../lib/gcc/avr/5.4.0/avr51\libgcc.a(_clear_bss.o)
                0x00000270                __do_clear_bss
 *(.init4)
 *(.init5)
 *(.init5)
 *(.init6)
 .init6         0x00000280       0x16 e:/atmelstudio7/7.0/toolchain/avr8/avr8-gnu-toolchain/bin/../lib/gcc/avr/5.4.0/avr51\libgcc.a(_ctors.o)
                0x00000280                __do_global_ctors
 *(.init6)
 *(.init7)
 *(.init7)
 *(.init8)
 *(.init8)
 *(.init9)
 .init9         0x00000296        0x6 E:/AtmelStudio7/7.0/Packs/Atmel/ATmega_DFP/1.3.300/gcc/dev/atmega128a/avr51/crtatmega128a.o
 *(.init9)
 *(.text)
 .text          0x0000029c        0x2 E:/AtmelStudio7/7.0/Packs/Atmel/ATmega_DFP/1.3.300/gcc/dev/atmega128a/avr51/crtatmega128a.o
                0x0000029c                __vector_22
                0x0000029c                __vector_28
                0x0000029c                __vector_1
                0x0000029c                __vector_32
                0x0000029c                __vector_34
                0x0000029c                __vector_24
                0x0000029c                __vector_12
                0x0000029c                __bad_interrupt
                0x0000029c                __vector_6
                0x0000029c                __vector_31
                0x0000029c                __vector_3
                0x0000029c                __vector_23
                0x0000029c                __vector_30
                0x0000029c                __vector_25
                0x0000029c                __vector_11
                0x0000029c                __vector_13
                0x0000029c                __vector_17
                0x0000029c                __vector_19
                0x0000029c                __vector_7
                0x0000029c                __vector_27
                0x0000029c                __vector_5
                0x0000029c                __vector_33
                0x0000029c                __vector_4
                0x0000029c                __vector_9
                0x0000029c                __vector_2
                0x0000029c                __vector_21
                0x0000029c                __vector_15
                0x0000029c                __vector_29
                0x0000029c                __vector_8
                0x0000029c                __vector_26
                0x0000029c                __vector_14
                0x0000029c                __vector_10
                0x0000029c                __vector_16
                0x0000029c                __vector_18
                0x0000029c                __vector_20
                0x0000029e                . = ALIGN (0x2)
 *(.text.*)
 .text._ZN22BLETypedCharacteristicIhED2Ev
                0x0000029e        0xe main.o
                0x0000029e                _ZN22BLETypedCharacteristicIhED2Ev
                0x0000029e                _ZN22BLETypedCharacteristicIhED1Ev
 .text._ZN22BLETypedCharacteristicIhED0Ev
                0x000002ac       0x1e main.o
                0x000002ac                _ZN22BLETypedCharacteristicIhED0Ev
 .text._ZN29BLEUnsignedCharCharacteristicD2Ev
                0x000002ca        0xe main.o
                0x000002ca                _ZN29BLEUnsignedCharCharacteristicD1Ev
                0x000002ca                _ZN29BLEUnsignedCharCharacteristicD2Ev
 .text._ZN29BLEUnsignedCharCharacteristicD0Ev
                0x000002d8       0x1e main.o
                0x000002d8                _ZN29BLEUnsignedCharCharacteristicD0Ev
 .text.main     0x000002f6       0x4c main.o
                0x000002f6                main
 .text._GLOBAL__sub_I_g_xService
                0x00000342       0x18 main.o
 .text._GLOBAL__sub_D_g_xService
                0x0000035a       0x1a main.o
 .text._ZN19LocalCharacteristic4typeEv
                0x00000374        0x6 peripheral/LocalCharacteristic.o
                0x00000374                _ZN19LocalCharacteristic4typeEv
 .text._ZN19LocalCharacteristicD2Ev
                0x0000037a       0x96 peripheral/LocalCharacteristic.o
                0x0000037a                _ZN19LocalCharacteristicD2Ev
                0x0000037a                _ZN19LocalCharacteristicD1Ev
 .text._ZN19LocalCharacteristicD0Ev
                0x00000410       0x14 peripheral/LocalCharacteristic.o
                0x00000410                _ZN19LocalCharacteristicD0Ev
 .text._ZN19LocalCharacteristicC2EPKchib
                0x00000424       0xa6 peripheral/LocalCharacteristic.o
                0x00000424                _ZN19LocalCharacteristicC1EPKchib
                0x00000424                _ZN19LocalCharacteristicC2EPKchib
 .text._ZN19LocalCharacteristic10propertiesEv
                0x000004ca        0x6 peripheral/LocalCharacteristic.o
                0x000004ca                _ZN19LocalCharacteristic10propertiesEv
 .text._ZN19LocalCharacteristic9valueSizeEv
                0x000004d0        0x8 peripheral/LocalCharacteristic.o
                0x000004d0                _ZN19LocalCharacteristic9valueSizeEv
 .text._ZN19LocalCharacteristic5valueEv
                0x000004d8        0x8 peripheral/LocalCharacteristic.o
                0x000004d8                _ZN19LocalCharacteristic5valueEv
 .text._ZN19LocalCharacteristic11valueLengthEv
                0x000004e0        0x8 peripheral/LocalCharacteristic.o
                0x000004e0                _ZN19LocalCharacteristic11valueLengthEv
 .text._ZN19LocalCharacteristic10writeValueEPKhi
                0x000004e8       0xe0 peripheral/LocalCharacteristic.o
                0x000004e8                _ZN19LocalCharacteristic10writeValueEPKhi
 .text._ZN19LocalCharacteristic9setHandleEj
                0x000005c8        0x8 peripheral/LocalCharacteristic.o
                0x000005c8                _ZN19LocalCharacteristic9setHandleEj
 .text._ZN19LocalCharacteristic6handleEv
                0x000005d0        0x8 peripheral/LocalCharacteristic.o
                0x000005d0                _ZN19LocalCharacteristic6handleEv
 .text._ZN19LocalCharacteristic11valueHandleEv
                0x000005d8        0xa peripheral/LocalCharacteristic.o
                0x000005d8                _ZN19LocalCharacteristic11valueHandleEv
 .text._ZN19LocalCharacteristic15descriptorCountEv
                0x000005e2        0x8 peripheral/LocalCharacteristic.o
                0x000005e2                _ZN19LocalCharacteristic15descriptorCountEv
 .text._ZN19LocalCharacteristic10descriptorEj
                0x000005ea        0x8 peripheral/LocalCharacteristic.o
                0x000005ea                _ZN19LocalCharacteristic10descriptorEj
 .text._ZN19LocalCharacteristic9readValueE9BLEDevicejPhi
                0x000005f2       0xc0 peripheral/LocalCharacteristic.o
                0x000005f2                _ZN19LocalCharacteristic9readValueE9BLEDevicejPhi
 .text._ZN19LocalCharacteristic10writeValueE9BLEDevicePKhi
                0x000006b2       0xa0 peripheral/LocalCharacteristic.o
                0x000006b2                _ZN19LocalCharacteristic10writeValueE9BLEDevicePKhi
 .text._ZN19LocalCharacteristic14writeCccdValueE9BLEDevicej
                0x00000752       0xb2 peripheral/LocalCharacteristic.o
                0x00000752                _ZN19LocalCharacteristic14writeCccdValueE9BLEDevicej
 .text._ZN15LocalDescriptor4typeEv
                0x00000804        0x6 peripheral/LocalDescriptor.o
                0x00000804                _ZN15LocalDescriptor4typeEv
 .text._ZN15LocalDescriptorD2Ev
                0x0000080a        0xe peripheral/LocalDescriptor.o
                0x0000080a                _ZN15LocalDescriptorD1Ev
                0x0000080a                _ZN15LocalDescriptorD2Ev
 .text._ZN15LocalDescriptorD0Ev
                0x00000818       0x14 peripheral/LocalDescriptor.o
                0x00000818                _ZN15LocalDescriptorD0Ev
 .text._ZN15LocalDescriptorC2EPKcPKhi
                0x0000082c       0x48 peripheral/LocalDescriptor.o
                0x0000082c                _ZN15LocalDescriptorC2EPKcPKhi
                0x0000082c                _ZN15LocalDescriptorC1EPKcPKhi
 .text._ZN15LocalDescriptor9valueSizeEv
                0x00000874        0x8 peripheral/LocalDescriptor.o
                0x00000874                _ZN15LocalDescriptor9valueSizeEv
 .text._ZN15LocalDescriptor5valueEv
                0x0000087c        0x8 peripheral/LocalDescriptor.o
                0x0000087c                _ZN15LocalDescriptor5valueEv
 .text._ZN15LocalDescriptor9setHandleEj
                0x00000884        0x8 peripheral/LocalDescriptor.o
                0x00000884                _ZN15LocalDescriptor9setHandleEj
 .text._ZN11LocalDevicecvbEv
                0x0000088c        0x4 peripheral/LocalDevice.o
                0x0000088c                _ZN11LocalDevicecvbEv
 .text._ZN11LocalDeviceeqER9BLEDevice
                0x00000890        0xe peripheral/LocalDevice.o
                0x00000890                _ZN11LocalDeviceeqER9BLEDevice
 .text._ZN11LocalDeviceneER9BLEDevice
                0x0000089e        0xe peripheral/LocalDevice.o
                0x0000089e                _ZN11LocalDeviceneER9BLEDevice
 .text._ZN11LocalDeviceD2Ev
                0x000008ac        0xe peripheral/LocalDevice.o
                0x000008ac                _ZN11LocalDeviceD2Ev
                0x000008ac                _ZN11LocalDeviceD1Ev
 .text._ZN11LocalDeviceD0Ev
                0x000008ba       0x14 peripheral/LocalDevice.o
                0x000008ba                _ZN11LocalDeviceD0Ev
 .text._ZN11LocalDevice9connectedEv
                0x000008ce       0x10 peripheral/LocalDevice.o
                0x000008ce                _ZN11LocalDevice9connectedEv
 .text._ZN11LocalDevice10disconnectEv
                0x000008de        0x8 peripheral/LocalDevice.o
                0x000008de                _ZN11LocalDevice10disconnectEv
 .text._ZN11LocalDevice7addressEv
                0x000008e6       0x84 peripheral/LocalDevice.o
                0x000008e6                _ZN11LocalDevice7addressEv
 .text._ZN11LocalDeviceC2Ev
                0x0000096a       0x16 peripheral/LocalDevice.o
                0x0000096a                _ZN11LocalDeviceC2Ev
                0x0000096a                _ZN11LocalDeviceC1Ev
 .text._ZN11LocalDevice20setAdvertisedServiceER10BLEService
                0x00000980       0x10 peripheral/LocalDevice.o
                0x00000980                _ZN11LocalDevice20setAdvertisedServiceER10BLEService
 .text._ZN11LocalDevice12setLocalNameEPKc
                0x00000990        0xa peripheral/LocalDevice.o
                0x00000990                _ZN11LocalDevice12setLocalNameEPKc
 .text._ZN11LocalDevice10addServiceER10BLEService
                0x0000099a        0xa peripheral/LocalDevice.o
                0x0000099a                _ZN11LocalDevice10addServiceER10BLEService
 .text._ZN11LocalDevice9advertiseEv
                0x000009a4        0xa peripheral/LocalDevice.o
                0x000009a4                _ZN11LocalDevice9advertiseEv
 .text._GLOBAL__sub_I__ZN11LocalDeviceC2Ev
                0x000009ae        0x8 peripheral/LocalDevice.o
 .text._GLOBAL__sub_D__ZN11LocalDeviceC2Ev
                0x000009b6        0x8 peripheral/LocalDevice.o
 .text._ZN11LocalDevice4rssiEv
                0x000009be       0x58 peripheral/LocalDevice.o
                0x000009be                _ZN11LocalDevice4rssiEv
 .text._ZN12LocalService4typeEv
                0x00000a16        0x6 peripheral/LocalService.o
                0x00000a16                _ZN12LocalService4typeEv
 .text._ZN12LocalServiceD2Ev
                0x00000a1c       0x84 peripheral/LocalService.o
                0x00000a1c                _ZN12LocalServiceD1Ev
                0x00000a1c                _ZN12LocalServiceD2Ev
 .text._ZN12LocalServiceD0Ev
                0x00000aa0       0x14 peripheral/LocalService.o
                0x00000aa0                _ZN12LocalServiceD0Ev
 .text._ZN12LocalServiceC2EPKc
                0x00000ab4       0x26 peripheral/LocalService.o
                0x00000ab4                _ZN12LocalServiceC1EPKc
                0x00000ab4                _ZN12LocalServiceC2EPKc
 .text._ZN12LocalService10setHandlesEjj
                0x00000ada        0xc peripheral/LocalService.o
                0x00000ada                _ZN12LocalService10setHandlesEjj
 .text._ZN12LocalService11startHandleEv
                0x00000ae6        0x8 peripheral/LocalService.o
                0x00000ae6                _ZN12LocalService11startHandleEv
 .text._ZN12LocalService9endHandleEv
                0x00000aee        0x8 peripheral/LocalService.o
                0x00000aee                _ZN12LocalService9endHandleEv
 .text._ZN12LocalService19characteristicCountEv
                0x00000af6        0x8 peripheral/LocalService.o
                0x00000af6                _ZN12LocalService19characteristicCountEv
 .text._ZN12LocalService14characteristicEj
                0x00000afe        0x8 peripheral/LocalService.o
                0x00000afe                _ZN12LocalService14characteristicEj
 .text._ZN12LocalService17addCharacteristicEP19LocalCharacteristic
                0x00000b06       0x24 peripheral/LocalService.o
                0x00000b06                _ZN12LocalService17addCharacteristicEP19LocalCharacteristic
 .text._ZN12LocalService17addCharacteristicER17BLECharacteristic
                0x00000b2a       0x1a peripheral/LocalService.o
                0x00000b2a                _ZN12LocalService17addCharacteristicER17BLECharacteristic
 .text._ZN12BLEAttributeD2Ev
                0x00000b44        0x2 profile/BLEAttribute.o
                0x00000b44                _ZN12BLEAttributeD2Ev
                0x00000b44                _ZN12BLEAttributeD1Ev
 .text._ZN12BLEAttribute4typeEv
                0x00000b46        0x6 profile/BLEAttribute.o
                0x00000b46                _ZN12BLEAttribute4typeEv
 .text._ZN12BLEAttributeD0Ev
                0x00000b4c        0x6 profile/BLEAttribute.o
                0x00000b4c                _ZN12BLEAttributeD0Ev
 .text._ZN12BLEAttributeC2EPKc
                0x00000b52       0x1e profile/BLEAttribute.o
                0x00000b52                _ZN12BLEAttributeC1EPKc
                0x00000b52                _ZN12BLEAttributeC2EPKc
 .text._ZN12BLEAttribute4uuidEv
                0x00000b70        0x6 profile/BLEAttribute.o
                0x00000b70                _ZN12BLEAttribute4uuidEv
 .text._ZN12BLEAttribute8uuidDataEv
                0x00000b76        0x6 profile/BLEAttribute.o
                0x00000b76                _ZN12BLEAttribute8uuidDataEv
 .text._ZN12BLEAttribute10uuidLengthEv
                0x00000b7c        0x6 profile/BLEAttribute.o
                0x00000b7c                _ZN12BLEAttribute10uuidLengthEv
 .text._ZN12BLEAttribute6retainEv
                0x00000b82       0x10 profile/BLEAttribute.o
                0x00000b82                _ZN12BLEAttribute6retainEv
 .text._ZN12BLEAttribute7releaseEv
                0x00000b92       0x10 profile/BLEAttribute.o
                0x00000b92                _ZN12BLEAttribute7releaseEv
 .text._ZN17BLECharacteristicD2Ev
                0x00000ba2       0x3c profile/BLECharacteristic.o
                0x00000ba2                _ZN17BLECharacteristicD1Ev
                0x00000ba2                _ZN17BLECharacteristicD2Ev
 .text._ZN17BLECharacteristicD0Ev
                0x00000bde       0x14 profile/BLECharacteristic.o
                0x00000bde                _ZN17BLECharacteristicD0Ev
 .text._ZN17BLECharacteristicC2EP19LocalCharacteristic
                0x00000bf2       0x1a profile/BLECharacteristic.o
                0x00000bf2                _ZN17BLECharacteristicC2EP19LocalCharacteristic
                0x00000bf2                _ZN17BLECharacteristicC1EP19LocalCharacteristic
 .text._ZN17BLECharacteristicC2EPKchib
                0x00000c0c       0x4a profile/BLECharacteristic.o
                0x00000c0c                _ZN17BLECharacteristicC1EPKchib
                0x00000c0c                _ZN17BLECharacteristicC2EPKchib
 .text._ZN17BLECharacteristic10writeValueEPKhi
                0x00000c56       0x14 profile/BLECharacteristic.o
                0x00000c56                _ZN17BLECharacteristic10writeValueEPKhi
 .text._ZN17BLECharacteristic5localEv
                0x00000c6a        0x8 profile/BLECharacteristic.o
                0x00000c6a                _ZN17BLECharacteristic5localEv
 .text._ZN9BLEDeviceD2Ev
                0x00000c72        0x2 profile/BLEDevice.o
                0x00000c72                _ZN9BLEDeviceD2Ev
                0x00000c72                _ZN9BLEDeviceD1Ev
 .text._ZN9BLEDevice4pollEv
                0x00000c74        0xa profile/BLEDevice.o
                0x00000c74                _ZN9BLEDevice4pollEv
 .text._ZN9BLEDevice4pollEm
                0x00000c7e        0xa profile/BLEDevice.o
                0x00000c7e                _ZN9BLEDevice4pollEm
 .text._ZN9BLEDevice9connectedEv
                0x00000c88       0x36 profile/BLEDevice.o
                0x00000c88                _ZN9BLEDevice9connectedEv
 .text._ZN9BLEDevice10disconnectEv
                0x00000cbe       0x26 profile/BLEDevice.o
                0x00000cbe                _ZN9BLEDevice10disconnectEv
 .text._ZN9BLEDevice7addressEv
                0x00000ce4       0x6e profile/BLEDevice.o
                0x00000ce4                _ZN9BLEDevice7addressEv
 .text._ZN9BLEDevice4rssiEv
                0x00000d52       0x1e profile/BLEDevice.o
                0x00000d52                _ZN9BLEDevice4rssiEv
 .text._ZN9BLEDevicecvbEv
                0x00000d70       0x58 profile/BLEDevice.o
                0x00000d70                _ZN9BLEDevicecvbEv
 .text._ZN9BLEDeviceeqERS_
                0x00000dc8       0x30 profile/BLEDevice.o
                0x00000dc8                _ZN9BLEDeviceeqERS_
 .text._ZN9BLEDeviceneERS_
                0x00000df8       0x30 profile/BLEDevice.o
                0x00000df8                _ZN9BLEDeviceneERS_
 .text._ZN9BLEDeviceD0Ev
                0x00000e28        0x6 profile/BLEDevice.o
                0x00000e28                _ZN9BLEDeviceD0Ev
 .text._ZN9BLEDeviceC2Ev
                0x00000e2e       0x28 profile/BLEDevice.o
                0x00000e2e                _ZN9BLEDeviceC1Ev
                0x00000e2e                _ZN9BLEDeviceC2Ev
 .text._ZN9BLEDeviceC2EjPh
                0x00000e56       0x24 profile/BLEDevice.o
                0x00000e56                _ZN9BLEDeviceC1EjPh
                0x00000e56                _ZN9BLEDeviceC2EjPh
 .text._ZN10BLEServiceD2Ev
                0x00000e7a       0x3c profile/BLEService.o
                0x00000e7a                _ZN10BLEServiceD1Ev
                0x00000e7a                _ZN10BLEServiceD2Ev
 .text._ZN10BLEServiceD0Ev
                0x00000eb6       0x14 profile/BLEService.o
                0x00000eb6                _ZN10BLEServiceD0Ev
 .text._ZN10BLEServiceC2EPKc
                0x00000eca       0x42 profile/BLEService.o
                0x00000eca                _ZN10BLEServiceC2EPKc
                0x00000eca                _ZN10BLEServiceC1EPKc
 .text._ZN10BLEService4uuidEv
                0x00000f0c       0x14 profile/BLEService.o
                0x00000f0c                _ZN10BLEService4uuidEv
 .text._ZN10BLEService17addCharacteristicER17BLECharacteristic
                0x00000f20        0xe profile/BLEService.o
                0x00000f20                _ZN10BLEService17addCharacteristicER17BLECharacteristic
 .text._ZN10BLEService5localEv
                0x00000f2e        0x8 profile/BLEService.o
                0x00000f2e                _ZN10BLEService5localEv
 .text._ZN22BLETypedCharacteristicIhEC2EPKch
                0x00000f36       0x42 profile/BLETypedCharacteristics.o
                0x00000f36                _ZN22BLETypedCharacteristicIhEC1EPKch
                0x00000f36                _ZN22BLETypedCharacteristicIhEC2EPKch
 .text._ZN29BLEUnsignedCharCharacteristicC2EPKch
                0x00000f78       0x16 profile/BLETypedCharacteristics.o
                0x00000f78                _ZN29BLEUnsignedCharCharacteristicC1EPKch
                0x00000f78                _ZN29BLEUnsignedCharCharacteristicC2EPKch
 .text._ZN7BLEUUIDC2EPKc
                0x00000f8e       0xd6 profile/BLEUUID.o
                0x00000f8e                _ZN7BLEUUIDC2EPKc
                0x00000f8e                _ZN7BLEUUIDC1EPKc
 .text._ZN7BLEUUID3strEv
                0x00001064        0x8 profile/BLEUUID.o
                0x00001064                _ZN7BLEUUID3strEv
 .text._ZN7BLEUUID4dataEv
                0x0000106c        0x4 profile/BLEUUID.o
                0x0000106c                _ZN7BLEUUID4dataEv
 .text._ZN7BLEUUID6lengthEv
                0x00001070        0x6 profile/BLEUUID.o
                0x00001070                _ZN7BLEUUID6lengthEv
 .text._ZN8ATTClassD2Ev
                0x00001076       0x18 protocol/ATT.o
                0x00001076                _ZN8ATTClassD2Ev
                0x00001076                _ZN8ATTClassD1Ev
 .text._ZN8ATTClassD0Ev
                0x0000108e       0x14 protocol/ATT.o
                0x0000108e                _ZN8ATTClassD0Ev
 .text._ZN8ATTClassC2Ev
                0x000010a2       0x4e protocol/ATT.o
                0x000010a2                _ZN8ATTClassC1Ev
                0x000010a2                _ZN8ATTClassC2Ev
 .text._ZN8ATTClass13addConnectionEjhhPhjjjh
                0x000010f0       0x74 protocol/ATT.o
                0x000010f0                _ZN8ATTClass13addConnectionEjhhPhjjjh
 .text._ZN8ATTClass16removeConnectionEhj
                0x00001164      0x158 protocol/ATT.o
                0x00001164                _ZN8ATTClass16removeConnectionEhj
 .text._ZN8ATTClass9connectedEv
                0x000012bc       0x12 protocol/ATT.o
                0x000012bc                _ZN8ATTClass9connectedEv
 .text._ZN8ATTClass9connectedEjPKh
                0x000012ce       0x28 protocol/ATT.o
                0x000012ce                _ZN8ATTClass9connectedEjPKh
 .text._ZN8ATTClass10disconnectEv
                0x000012f6       0x44 protocol/ATT.o
                0x000012f6                _ZN8ATTClass10disconnectEv
 .text._ZN8ATTClass7centralEv
                0x0000133a       0x2e protocol/ATT.o
                0x0000133a                _ZN8ATTClass7centralEv
 .text._ZN8ATTClass12handleNotifyEjPKhi
                0x00001368       0xd0 protocol/ATT.o
                0x00001368                _ZN8ATTClass12handleNotifyEjPKhi
 .text._ZN8ATTClass9handleIndEjPKhi
                0x00001438       0xec protocol/ATT.o
                0x00001438                _ZN8ATTClass9handleIndEjPKhi
 .text._ZN8ATTClass9sendErrorEjhjh
                0x00001524       0x4e protocol/ATT.o
                0x00001524                _ZN8ATTClass9sendErrorEjhjh
 .text._ZN8ATTClass6mtuReqEjhPh
                0x00001572       0x64 protocol/ATT.o
                0x00001572                _ZN8ATTClass6mtuReqEjhPh
 .text._ZN8ATTClass11findInfoReqEjhPh
                0x000015d6      0x266 protocol/ATT.o
                0x000015d6                _ZN8ATTClass11findInfoReqEjhPh
 .text._ZN8ATTClass13findByTypeReqEjhPh
                0x0000183c      0x1e6 protocol/ATT.o
                0x0000183c                _ZN8ATTClass13findByTypeReqEjhPh
 .text._ZN8ATTClass14readByGroupReqEjhPh
                0x00001a22      0x22a protocol/ATT.o
                0x00001a22                _ZN8ATTClass14readByGroupReqEjhPh
 .text._ZN8ATTClass17readOrReadBlobReqEjhhPh
                0x00001c4c      0x344 protocol/ATT.o
                0x00001c4c                _ZN8ATTClass17readOrReadBlobReqEjhhPh
 .text._ZN8ATTClass13readByTypeReqEjhPh
                0x00001f90      0x39e protocol/ATT.o
                0x00001f90                _ZN8ATTClass13readByTypeReqEjhPh
 .text._ZN8ATTClass13writeReqOrCmdEjhhPh
                0x0000232e      0x298 protocol/ATT.o
                0x0000232e                _ZN8ATTClass13writeReqOrCmdEjhhPh
 .text._ZN8ATTClass12prepWriteReqEjhPh
                0x000025c6      0x246 protocol/ATT.o
                0x000025c6                _ZN8ATTClass12prepWriteReqEjhPh
 .text._ZN8ATTClass12execWriteReqEjhPh
                0x0000280c      0x130 protocol/ATT.o
                0x0000280c                _ZN8ATTClass12execWriteReqEjhPh
 .text._ZN8ATTClass10handleDataEjhPh
                0x0000293c       0x90 protocol/ATT.o
                0x0000293c                _ZN8ATTClass10handleDataEjhPh
 .text._GLOBAL__sub_I__ZN8ATTClassC2Ev
                0x000029cc        0xa protocol/ATT.o
 .text._GLOBAL__sub_D__ZN8ATTClassC2Ev
                0x000029d6        0xa protocol/ATT.o
 .text._ZN8GAPClassD2Ev
                0x000029e0        0x2 protocol/GAP.o
                0x000029e0                _ZN8GAPClassD2Ev
                0x000029e0                _ZN8GAPClassD1Ev
 .text._ZN8GAPClassD0Ev
                0x000029e2        0x6 protocol/GAP.o
                0x000029e2                _ZN8GAPClassD0Ev
 .text._ZN8GAPClassC2Ev
                0x000029e8       0x32 protocol/GAP.o
                0x000029e8                _ZN8GAPClassC2Ev
                0x000029e8                _ZN8GAPClassC1Ev
 .text._ZN8GAPClass24setAdvertisedServiceUuidEPKc
                0x00002a1a        0x8 protocol/GAP.o
                0x00002a1a                _ZN8GAPClass24setAdvertisedServiceUuidEPKc
 .text._ZN8GAPClass12setLocalNameEPKc
                0x00002a22        0x8 protocol/GAP.o
                0x00002a22                _ZN8GAPClass12setLocalNameEPKc
 .text._ZN8GAPClass11advertisingEv
                0x00002a2a        0x6 protocol/GAP.o
                0x00002a2a                _ZN8GAPClass11advertisingEv
 .text._ZN8GAPClass9advertiseEv
                0x00002a30      0x268 protocol/GAP.o
                0x00002a30                _ZN8GAPClass9advertiseEv
 .text._ZN8GAPClass24setAdvertisedServiceDataEjPKhi
                0x00002c98       0x10 protocol/GAP.o
                0x00002c98                _ZN8GAPClass24setAdvertisedServiceDataEjPKhi
 .text._GLOBAL__sub_I__ZN8GAPClassC2Ev
                0x00002ca8        0x8 protocol/GAP.o
 .text._ZN9GATTClassC2Ev
                0x00002cb0       0xce protocol/GATT.o
                0x00002cb0                _ZN9GATTClassC2Ev
                0x00002cb0                _ZN9GATTClassC1Ev
 .text._ZN9GATTClass14attributeCountEv
                0x00002d7e        0x8 protocol/GATT.o
                0x00002d7e                _ZN9GATTClass14attributeCountEv
 .text._ZN9GATTClass9attributeEj
                0x00002d86        0x8 protocol/GATT.o
                0x00002d86                _ZN9GATTClass9attributeEj
 .text._ZN9GATTClass28serviceUuidForCharacteristicEP19LocalCharacteristic
                0x00002d8e       0xa4 protocol/GATT.o
                0x00002d8e                _ZN9GATTClass28serviceUuidForCharacteristicEP19LocalCharacteristic
 .text._ZN9GATTClass10addServiceEP12LocalService
                0x00002e32       0xe6 protocol/GATT.o
                0x00002e32                _ZN9GATTClass10addServiceEP12LocalService
 .text._ZN9GATTClass10addServiceER10BLEService
                0x00002f18       0x1c protocol/GATT.o
                0x00002f18                _ZN9GATTClass10addServiceER10BLEService
 .text._ZN9GATTClass15clearAttributesEv
                0x00002f34       0x66 protocol/GATT.o
                0x00002f34                _ZN9GATTClass15clearAttributesEv
 .text._GLOBAL__sub_I__ZN9GATTClassC2Ev
                0x00002f9a        0x8 protocol/GATT.o
 .text._ZN9GATTClassD2Ev
                0x00002fa2       0x4e protocol/GATT.o
                0x00002fa2                _ZN9GATTClassD1Ev
                0x00002fa2                _ZN9GATTClassD2Ev
 .text._ZN9GATTClassD0Ev
                0x00002ff0       0x12 protocol/GATT.o
                0x00002ff0                _ZN9GATTClassD0Ev
 .text._GLOBAL__sub_D__ZN9GATTClassC2Ev
                0x00003002        0x8 protocol/GATT.o
 .text._ZN8HCIClassD2Ev
                0x0000300a        0x2 protocol/HCI.o
                0x0000300a                _ZN8HCIClassD2Ev
                0x0000300a                _ZN8HCIClassD1Ev
 .text._ZN8HCIClassD0Ev
                0x0000300c        0x4 protocol/HCI.o
                0x0000300c                _ZN8HCIClassD0Ev
 .text._ZN8HCIClass20handleNumCompPacketsEjj
                0x00003010       0x28 protocol/HCI.o
                0x00003010                _ZN8HCIClass20handleNumCompPacketsEjj
 .text._ZN8HCIClass17handleEventPacketEhPh
                0x00003038      0x10c protocol/HCI.o
                0x00003038                _ZN8HCIClass17handleEventPacketEhPh
 .text._ZN8HCIClass4pollEm
                0x00003144       0xe0 protocol/HCI.o
                0x00003144                _ZN8HCIClass4pollEm
 .text._ZN8HCIClass4pollEv
                0x00003224        0xa protocol/HCI.o
                0x00003224                _ZN8HCIClass4pollEv
 .text._ZN8HCIClass13sendAclPacketEjhhPv
                0x0000322e      0x116 protocol/HCI.o
                0x0000322e                _ZN8HCIClass13sendAclPacketEjhhPv
 .text._ZN8HCIClass19handleAclDataPacketEhPh
                0x00003344       0xa0 protocol/HCI.o
                0x00003344                _ZN8HCIClass19handleAclDataPacketEhPh
 .text._ZN8HCIClass11sendCommandEjhPv
                0x000033e4       0xfe protocol/HCI.o
                0x000033e4                _ZN8HCIClass11sendCommandEjhPv
 .text._ZN8HCIClass10readBDAddrEPh
                0x000034e2       0x3a protocol/HCI.o
                0x000034e2                _ZN8HCIClass10readBDAddrEPh
 .text._ZN8HCIClass8readRssiEj
                0x0000351c       0x62 protocol/HCI.o
                0x0000351c                _ZN8HCIClass8readRssiEj
 .text._ZN8HCIClass22setLeAdvertisingParamsEjjhhhPhhh
                0x0000357e       0x6e protocol/HCI.o
                0x0000357e                _ZN8HCIClass22setLeAdvertisingParamsEjjhhhPhhh
 .text._ZN8HCIClass20setLeAdvertisingDataEhPh
                0x000035ec       0x66 protocol/HCI.o
                0x000035ec                _ZN8HCIClass20setLeAdvertisingDataEhPh
 .text._ZN8HCIClass21setLeScanResponseDataEhPh
                0x00003652       0x66 protocol/HCI.o
                0x00003652                _ZN8HCIClass21setLeScanResponseDataEhPh
 .text._ZN8HCIClass20setLeAdvertiseEnableEh
                0x000036b8       0x22 protocol/HCI.o
                0x000036b8                _ZN8HCIClass20setLeAdvertiseEnableEh
 .text._ZN8HCIClass18updateLeConnectionEjjjjj
                0x000036da       0x68 protocol/HCI.o
                0x000036da                _ZN8HCIClass18updateLeConnectionEjjjjj
 .text._ZN8HCIClass10disconnectEj
                0x00003742       0x2e protocol/HCI.o
                0x00003742                _ZN8HCIClass10disconnectEj
 .text._GLOBAL__sub_I__ZN8HCIClassC2Ev
                0x00003770       0x16 protocol/HCI.o
 .text._ZN21HCIUartTransportClassD2Ev
                0x00003786        0x2 protocol/HCIUartTransport.o
                0x00003786                _ZN21HCIUartTransportClassD2Ev
                0x00003786                _ZN21HCIUartTransportClassD1Ev
 .text._ZN21HCIUartTransportClass5beginEv
                0x00003788       0x16 protocol/HCIUartTransport.o
                0x00003788                _ZN21HCIUartTransportClass5beginEv
 .text._ZN21HCIUartTransportClass3endEv
                0x0000379e        0xa protocol/HCIUartTransport.o
                0x0000379e                _ZN21HCIUartTransportClass3endEv
 .text._ZN21HCIUartTransportClass4waitEm
                0x000037a8       0x60 protocol/HCIUartTransport.o
                0x000037a8                _ZN21HCIUartTransportClass4waitEm
 .text._ZN21HCIUartTransportClass9availableEv
                0x00003808        0xa protocol/HCIUartTransport.o
                0x00003808                _ZN21HCIUartTransportClass9availableEv
 .text._ZN21HCIUartTransportClass4peekEv
                0x00003812        0xa protocol/HCIUartTransport.o
                0x00003812                _ZN21HCIUartTransportClass4peekEv
 .text._ZN21HCIUartTransportClass4readEv
                0x0000381c        0xa protocol/HCIUartTransport.o
                0x0000381c                _ZN21HCIUartTransportClass4readEv
 .text._ZN21HCIUartTransportClass5writeEPKhj
                0x00003826       0x24 protocol/HCIUartTransport.o
                0x00003826                _ZN21HCIUartTransportClass5writeEPKhj
 .text._ZN21HCIUartTransportClassD0Ev
                0x0000384a        0x4 protocol/HCIUartTransport.o
                0x0000384a                _ZN21HCIUartTransportClassD0Ev
 .text._GLOBAL__sub_I__ZN21HCIUartTransportClassC2ER5XUartm
                0x0000384e       0x26 protocol/HCIUartTransport.o
 .text._ZN19L2CAPSignalingClassD2Ev
                0x00003874        0x2 protocol/L2CAPSignaling.o
                0x00003874                _ZN19L2CAPSignalingClassD1Ev
                0x00003874                _ZN19L2CAPSignalingClassD2Ev
 .text._ZN19L2CAPSignalingClassD0Ev
                0x00003876        0x4 protocol/L2CAPSignaling.o
                0x00003876                _ZN19L2CAPSignalingClassD0Ev
 .text._ZN19L2CAPSignalingClass13addConnectionEjhhPhjjjh
                0x0000387a       0x94 protocol/L2CAPSignaling.o
                0x0000387a                _ZN19L2CAPSignalingClass13addConnectionEjhhPhjjjh
 .text._ZN19L2CAPSignalingClass16removeConnectionEjj
                0x0000390e        0x2 protocol/L2CAPSignaling.o
                0x0000390e                _ZN19L2CAPSignalingClass16removeConnectionEjj
 .text._ZN19L2CAPSignalingClass18connParamUpdateReqEjhhPh
                0x00003910       0xd0 protocol/L2CAPSignaling.o
                0x00003910                _ZN19L2CAPSignalingClass18connParamUpdateReqEjhhPh
 .text._ZN19L2CAPSignalingClass10handleDataEjhPh
                0x000039e0       0x34 protocol/L2CAPSignaling.o
                0x000039e0                _ZN19L2CAPSignalingClass10handleDataEjhPh
 .text._GLOBAL__sub_I__ZN19L2CAPSignalingClassC2Ev
                0x00003a14       0x16 protocol/L2CAPSignaling.o
 .text._Z6millisv
                0x00003a2a        0x8 system/XTimer.o
                0x00003a2a                _Z6millisv
 .text._ZN5XUartD2Ev
                0x00003a32        0x2 system/XUart.o
                0x00003a32                _ZN5XUartD1Ev
                0x00003a32                _ZN5XUartD2Ev
 .text._ZN5XUartD0Ev
                0x00003a34        0x4 system/XUart.o
                0x00003a34                _ZN5XUartD0Ev
 .text._ZN5XUart5beginEm
                0x00003a38        0x6 system/XUart.o
                0x00003a38                _ZN5XUart5beginEm
 .text._ZN5XUart3endEv
                0x00003a3e        0x2 system/XUart.o
                0x00003a3e                _ZN5XUart3endEv
 .text._ZN5XUart9availableEv
                0x00003a40        0x6 system/XUart.o
                0x00003a40                _ZN5XUart9availableEv
 .text._ZN5XUart4peekEv
                0x00003a46        0x6 system/XUart.o
                0x00003a46                _ZN5XUart4peekEv
 .text._ZN5XUart4readEv
                0x00003a4c        0x6 system/XUart.o
                0x00003a4c                _ZN5XUart4readEv
 .text._ZN5XUart5writeEPKhj
                0x00003a52        0x6 system/XUart.o
                0x00003a52                _ZN5XUart5writeEPKhj
 .text._ZN5XUart5flushEv
                0x00003a58        0x2 system/XUart.o
                0x00003a58                _ZN5XUart5flushEv
 .text._GLOBAL__sub_I__ZN5XUartC2Ev
                0x00003a5a        0xe system/XUart.o
 .text._Znwj    0x00003a68        0x4 system/XUtil.o
                0x00003a68                _Znwj
 .text._ZdlPv   0x00003a6c        0x4 system/XUtil.o
                0x00003a6c                _ZdlPv
 .text.avr-libc
                0x00003a70      0x712 e:/atmelstudio7/7.0/toolchain/avr8/avr8-gnu-toolchain/bin/../lib/gcc/avr/5.4.0/../../../../avr/lib/avr51\libprintf_flt.a(vfprintf_flt.o)
                0x00003a70                vfprintf
 .text.libgcc   0x00004182       0x12 e:/atmelstudio7/7.0/toolchain/avr8/avr8-gnu-toolchain/bin/../lib/gcc/avr/5.4.0/avr51\libgcc.a(_tablejump2.o)
                0x00004182                __tablejump2__
 .text.avr-libc
                0x00004194      0x242 e:/atmelstudio7/7.0/toolchain/avr8/avr8-gnu-toolchain/bin/../lib/gcc/avr/5.4.0/../../../../avr/lib/avr51\libc.a(malloc.o)
                0x00004194                malloc
                0x000042c4                free
 .text.avr-libc
                0x000043d6      0x1c0 e:/atmelstudio7/7.0/toolchain/avr8/avr8-gnu-toolchain/bin/../lib/gcc/avr/5.4.0/../../../../avr/lib/avr51\libc.a(realloc.o)
                0x000043d6                realloc
 .text.avr-libc
                0x00004596      0x214 e:/atmelstudio7/7.0/toolchain/avr8/avr8-gnu-toolchain/bin/../lib/gcc/avr/5.4.0/../../../../avr/lib/avr51\libc.a(strtoul.o)
                0x00004596                strtoul
 .text.avr-libc
                0x000047aa      0x1b0 e:/atmelstudio7/7.0/toolchain/avr8/avr8-gnu-toolchain/bin/../lib/gcc/avr/5.4.0/../../../../avr/lib/avr51\libc.a(ftoa_engine.o)
                0x000047aa                __ftoa_engine
 .text.avr-libc
                0x0000495a       0x10 e:/atmelstudio7/7.0/toolchain/avr8/avr8-gnu-toolchain/bin/../lib/gcc/avr/5.4.0/../../../../avr/lib/avr51\libc.a(isspace.o)
                0x0000495a                isspace
 .text.avr-libc
                0x0000496a       0x16 e:/atmelstudio7/7.0/toolchain/avr8/avr8-gnu-toolchain/bin/../lib/gcc/avr/5.4.0/../../../../avr/lib/avr51\libc.a(strnlen_P.o)
                0x0000496a                strnlen_P
 .text.avr-libc
                0x00004980       0x1a e:/atmelstudio7/7.0/toolchain/avr8/avr8-gnu-toolchain/bin/../lib/gcc/avr/5.4.0/../../../../avr/lib/avr51\libc.a(memcmp.o)
                0x00004980                memcmp
 .text.avr-libc
                0x0000499a       0x12 e:/atmelstudio7/7.0/toolchain/avr8/avr8-gnu-toolchain/bin/../lib/gcc/avr/5.4.0/../../../../avr/lib/avr51\libc.a(memcpy.o)
                0x0000499a                memcpy
 .text.avr-libc
                0x000049ac        0xe e:/atmelstudio7/7.0/toolchain/avr8/avr8-gnu-toolchain/bin/../lib/gcc/avr/5.4.0/../../../../avr/lib/avr51\libc.a(memset.o)
                0x000049ac                memset
 .text.avr-libc
                0x000049ba       0x16 e:/atmelstudio7/7.0/toolchain/avr8/avr8-gnu-toolchain/bin/../lib/gcc/avr/5.4.0/../../../../avr/lib/avr51\libc.a(strnlen.o)
                0x000049ba                strnlen
 .text.avr-libc
                0x000049d0       0x78 e:/atmelstudio7/7.0/toolchain/avr8/avr8-gnu-toolchain/bin/../lib/gcc/avr/5.4.0/../../../../avr/lib/avr51\libc.a(fputc.o)
                0x000049d0                fputc
 .text.avr-libc
                0x00004a48       0x5e e:/atmelstudio7/7.0/toolchain/avr8/avr8-gnu-toolchain/bin/../lib/gcc/avr/5.4.0/../../../../avr/lib/avr51\libc.a(sprintf.o)
                0x00004a48                sprintf
 .text.avr-libc
                0x00004aa6       0xbc e:/atmelstudio7/7.0/toolchain/avr8/avr8-gnu-toolchain/bin/../lib/gcc/avr/5.4.0/../../../../avr/lib/avr51\libc.a(ultoa_invert.o)
                0x00004aa6                __ultoa_invert
 .text.avr-libc
                0x00004b62        0x6 e:/atmelstudio7/7.0/toolchain/avr8/avr8-gnu-toolchain/bin/../lib/gcc/avr/5.4.0/../../../../avr/lib/avr51\libc.a(cty_isfalse.o)
                0x00004b62                __ctype_isfalse
                0x00004b66                __ctype_istrue
 .text.libgcc.mul
                0x00004b68       0x1e e:/atmelstudio7/7.0/toolchain/avr8/avr8-gnu-toolchain/bin/../lib/gcc/avr/5.4.0/avr51\libgcc.a(_mulsi3.o)
                0x00004b68                __mulsi3
 .text.libgcc.div
                0x00004b86       0x44 e:/atmelstudio7/7.0/toolchain/avr8/avr8-gnu-toolchain/bin/../lib/gcc/avr/5.4.0/avr51\libgcc.a(_udivmodsi4.o)
                0x00004b86                __udivmodsi4
 .text.libgcc.mul
                0x00004bca       0x14 e:/atmelstudio7/7.0/toolchain/avr8/avr8-gnu-toolchain/bin/../lib/gcc/avr/5.4.0/avr51\libgcc.a(_muluhisi3.o)
                0x00004bca                __muluhisi3
 .text.libgcc.mul
                0x00004bde       0x1e e:/atmelstudio7/7.0/toolchain/avr8/avr8-gnu-toolchain/bin/../lib/gcc/avr/5.4.0/avr51\libgcc.a(_umulhisi3.o)
                0x00004bde                __umulhisi3
                0x00004bfc                . = ALIGN (0x2)
 *(.fini9)
 .fini9         0x00004bfc        0x0 e:/atmelstudio7/7.0/toolchain/avr8/avr8-gnu-toolchain/bin/../lib/gcc/avr/5.4.0/avr51\libgcc.a(_exit.o)
                0x00004bfc                _exit
                0x00004bfc                exit
 *(.fini9)
 *(.fini8)
 *(.fini8)
 *(.fini7)
 *(.fini7)
 *(.fini6)
 .fini6         0x00004bfc       0x14 e:/atmelstudio7/7.0/toolchain/avr8/avr8-gnu-toolchain/bin/../lib/gcc/avr/5.4.0/avr51\libgcc.a(_dtors.o)
                0x00004bfc                __do_global_dtors
 *(.fini6)
 *(.fini5)
 *(.fini5)
 *(.fini4)
 *(.fini4)
 *(.fini3)
 *(.fini3)
 *(.fini2)
 *(.fini2)
 *(.fini1)
 *(.fini1)
 *(.fini0)
 .fini0         0x00004c10        0x4 e:/atmelstudio7/7.0/toolchain/avr8/avr8-gnu-toolchain/bin/../lib/gcc/avr/5.4.0/avr51\libgcc.a(_exit.o)
 *(.fini0)
                0x00004c14                _etext = .

.data           0x00800100      0x122 load address 0x00004c14
                0x00800100                PROVIDE (__data_start, .)
 *(.data)
 .data          0x00800100        0x6 e:/atmelstudio7/7.0/toolchain/avr8/avr8-gnu-toolchain/bin/../lib/gcc/avr/5.4.0/../../../../avr/lib/avr51\libc.a(malloc.o)
                0x00800100                __malloc_heap_end
                0x00800102                __malloc_heap_start
                0x00800104                __malloc_margin
 *(.data*)
 *(.gnu.linkonce.d*)
 *(.rodata)
 *(.rodata*)
 .rodata.str1.1
                0x00800106       0x13 main.o
 .rodata._ZTV22BLETypedCharacteristicIhE
                0x00800119        0x8 main.o
                0x00800119                _ZTV22BLETypedCharacteristicIhE
 .rodata.str1.1
                0x00800121        0x5 peripheral/LocalCharacteristic.o
 .rodata._ZTV19LocalCharacteristic
                0x00800126        0xa peripheral/LocalCharacteristic.o
                0x00800126                _ZTV19LocalCharacteristic
 .rodata._ZTV15LocalDescriptor
                0x00800130        0xa peripheral/LocalDescriptor.o
                0x00800130                _ZTV15LocalDescriptor
 .rodata.str1.1
                0x0080013a       0x1e peripheral/LocalDevice.o
 .rodata._ZTV11LocalDevice
                0x00800158       0x1a peripheral/LocalDevice.o
                0x00800158                _ZTV11LocalDevice
 .rodata._ZTV12LocalService
                0x00800172        0xa peripheral/LocalService.o
                0x00800172                _ZTV12LocalService
 .rodata._ZTV12BLEAttribute
                0x0080017c        0xa profile/BLEAttribute.o
                0x0080017c                _ZTV12BLEAttribute
 .rodata._ZTV17BLECharacteristic
                0x00800186        0x8 profile/BLECharacteristic.o
                0x00800186                _ZTV17BLECharacteristic
 .rodata.str1.1
                0x0080018e       0x1e profile/BLEDevice.o
 .rodata._ZTV9BLEDevice
                0x0080018e       0x1a profile/BLEDevice.o
                0x0080018e                _ZTV9BLEDevice
 .rodata.str1.1
                0x008001a8       0x1e profile/BLEService.o
                                  0x1 (size before relaxing)
 .rodata._ZTV10BLEService
                0x008001a8        0x8 profile/BLEService.o
                0x008001a8                _ZTV10BLEService
 .rodata._ZTV29BLEUnsignedCharCharacteristic
                0x008001b0        0x8 profile/BLETypedCharacteristics.o
                0x008001b0                _ZTV29BLEUnsignedCharCharacteristic
 .rodata._ZTV8ATTClass
                0x008001b8        0x8 protocol/ATT.o
                0x008001b8                _ZTV8ATTClass
 .rodata._ZTV8GAPClass
                0x008001c0        0x8 protocol/GAP.o
                0x008001c0                _ZTV8GAPClass
 .rodata.str1.1
                0x008001c8       0x21 protocol/GATT.o
 .rodata._ZTV9GATTClass
                0x008001e9        0x8 protocol/GATT.o
                0x008001e9                _ZTV9GATTClass
 .rodata._ZTV8HCIClass
                0x008001f1        0x8 protocol/HCI.o
                0x008001f1                _ZTV8HCIClass
 .rodata._ZTV21HCIUartTransportClass
                0x008001f9       0x16 protocol/HCIUartTransport.o
                0x008001f9                _ZTV21HCIUartTransportClass
 .rodata.g_hciTransport
                0x0080020f        0x2 protocol/HCIUartTransport.o
                0x0080020f                g_hciTransport
 .rodata._ZTV19L2CAPSignalingClass
                0x00800211        0x8 protocol/L2CAPSignaling.o
                0x00800211                _ZTV19L2CAPSignalingClass
 .rodata._ZTV5XUart
                0x00800219        0x8 system/XUart.o
                0x00800219                _ZTV5XUart
 *(.gnu.linkonce.r*)
                0x00800222                . = ALIGN (0x2)
 *fill*         0x00800221        0x1 
                0x00800222                _edata = .
                0x00800222                PROVIDE (__data_end, .)

.bss            0x00800222      0x244
                0x00800222                PROVIDE (__bss_start, .)
 *(.bss)
 *(.bss*)
 .bss.g_xLevelChar
                0x00800222        0x4 main.o
                0x00800222                g_xLevelChar
 .bss.g_xService
                0x00800226        0x4 main.o
                0x00800226                g_xService
 .bss.g_bleDevice
                0x0080022a        0xa peripheral/LocalDevice.o
                0x0080022a                g_bleDevice
 .bss.g_att     0x00800234       0x19 protocol/ATT.o
                0x00800234                g_att
 .bss.g_gap     0x0080024d       0x14 protocol/GAP.o
                0x0080024d                g_gap
 .bss.g_gatt    0x00800261       0xe0 protocol/GATT.o
                0x00800261                g_gatt
 .bss.g_hci     0x00800341      0x10f protocol/HCI.o
                0x00800341                g_hci
 .bss.g_hciUartTransport
                0x00800450        0x8 protocol/HCIUartTransport.o
                0x00800450                g_hciUartTransport
 .bss.g_l2capSignaling
                0x00800458        0x6 protocol/L2CAPSignaling.o
                0x00800458                g_l2capSignaling
 .bss.g_uart    0x0080045e        0x2 system/XUart.o
                0x0080045e                g_uart
 *(COMMON)
 COMMON         0x00800460        0x4 e:/atmelstudio7/7.0/toolchain/avr8/avr8-gnu-toolchain/bin/../lib/gcc/avr/5.4.0/../../../../avr/lib/avr51\libc.a(malloc.o)
                0x00800460                __brkval
                0x00800462                __flp
 COMMON         0x00800464        0x2 e:/atmelstudio7/7.0/toolchain/avr8/avr8-gnu-toolchain/bin/../lib/gcc/avr/5.4.0/../../../../avr/lib/avr51\libc.a(errno.o)
                0x00800464                errno
                0x00800466                PROVIDE (__bss_end, .)
                0x00004c14                __data_load_start = LOADADDR (.data)
                0x00004d36                __data_load_end = (__data_load_start + SIZEOF (.data))

.noinit         0x00800466        0x0
                [!provide]                PROVIDE (__noinit_start, .)
 *(.noinit*)
                [!provide]                PROVIDE (__noinit_end, .)
                0x00800466                _end = .
                0x00800466                PROVIDE (__heap_start, .)

.eeprom         0x00810000        0x0
 *(.eeprom*)
                0x00810000                __eeprom_end = .

.fuse
 *(.fuse)
 *(.lfuse)
 *(.hfuse)
 *(.efuse)

.lock
 *(.lock*)

.signature
 *(.signature*)

.user_signatures
 *(.user_signatures*)

.stab
 *(.stab)

.stabstr
 *(.stabstr)

.stab.excl
 *(.stab.excl)

.stab.exclstr
 *(.stab.exclstr)

.stab.index
 *(.stab.index)

.stab.indexstr
 *(.stab.indexstr)

.comment        0x00000000       0x5c
 *(.comment)
 .comment       0x00000000       0x30 main.o
                                 0x31 (size before relaxing)
 .comment       0x00000030       0x31 peripheral/LocalCharacteristic.o
 .comment       0x00000030       0x31 peripheral/LocalDescriptor.o
 .comment       0x00000030       0x31 peripheral/LocalDevice.o
 .comment       0x00000030       0x31 peripheral/LocalService.o
 .comment       0x00000030       0x31 profile/BLEAttribute.o
 .comment       0x00000030       0x31 profile/BLECharacteristic.o
 .comment       0x00000030       0x31 profile/BLEDevice.o
 .comment       0x00000030       0x31 profile/BLEService.o
 .comment       0x00000030       0x31 profile/BLETypedCharacteristics.o
 .comment       0x00000030       0x31 profile/BLEUUID.o
 .comment       0x00000030       0x31 protocol/ATT.o
 .comment       0x00000030       0x31 protocol/GAP.o
 .comment       0x00000030       0x31 protocol/GATT.o
 .comment       0x00000030       0x31 protocol/HCI.o
 .comment       0x00000030       0x31 protocol/HCIUartTransport.o
 .comment       0x00000030       0x31 protocol/L2CAPSignaling.o
 .comment       0x00000030       0x31 system/XTimer.o
 .comment       0x00000030       0x31 system/XUart.o
 .comment       0x00000030       0x31 system/XUtil.o
 .comment       0x00000030       0x2c e:/atmelstudio7/7.0/toolchain/avr8/avr8-gnu-toolchain/bin/../lib/gcc/avr/5.4.0/../../../../avr/lib/avr51\libprintf_flt.a(vfprintf_flt.o)
                                 0x2d (size before relaxing)
 .comment       0x0000005c       0x31 e:/atmelstudio7/7.0/toolchain/avr8/avr8-gnu-toolchain/bin/../lib/gcc/avr/5.4.0/../../../../avr/lib/avr51\libc.a(malloc.o)
 .comment       0x0000005c       0x31 e:/atmelstudio7/7.0/toolchain/avr8/avr8-gnu-toolchain/bin/../lib/gcc/avr/5.4.0/../../../../avr/lib/avr51\libc.a(realloc.o)
 .comment       0x0000005c       0x31 e:/atmelstudio7/7.0/toolchain/avr8/avr8-gnu-toolchain/bin/../lib/gcc/avr/5.4.0/../../../../avr/lib/avr51\libc.a(strtoul.o)
 .comment       0x0000005c       0x31 e:/atmelstudio7/7.0/toolchain/avr8/avr8-gnu-toolchain/bin/../lib/gcc/avr/5.4.0/../../../../avr/lib/avr51\libc.a(fputc.o)
 .comment       0x0000005c       0x31 e:/atmelstudio7/7.0/toolchain/avr8/avr8-gnu-toolchain/bin/../lib/gcc/avr/5.4.0/../../../../avr/lib/avr51\libc.a(sprintf.o)
 .comment       0x0000005c       0x2d e:/atmelstudio7/7.0/toolchain/avr8/avr8-gnu-toolchain/bin/../lib/gcc/avr/5.4.0/../../../../avr/lib/avr51\libc.a(errno.o)

.note.gnu.avr.deviceinfo
                0x00000000       0x40
 .note.gnu.avr.deviceinfo
                0x00000000       0x40 E:/AtmelStudio7/7.0/Packs/Atmel/ATmega_DFP/1.3.300/gcc/dev/atmega128a/avr51/crtatmega128a.o

.note.gnu.build-id
 *(.note.gnu.build-id)

.debug
 *(.debug)

.line
 *(.line)

.debug_srcinfo
 *(.debug_srcinfo)

.debug_sfnames
 *(.debug_sfnames)

.debug_aranges  0x00000000      0xc08
 *(.debug_aranges)
 .debug_aranges
                0x00000000       0x50 main.o
 .debug_aranges
                0x00000050       0xe0 peripheral/LocalCharacteristic.o
 .debug_aranges
                0x00000130       0x68 peripheral/LocalDescriptor.o
 .debug_aranges
                0x00000198       0xf8 peripheral/LocalDevice.o
 .debug_aranges
                0x00000290       0x70 peripheral/LocalService.o
 .debug_aranges
                0x00000300       0x60 profile/BLEAttribute.o
 .debug_aranges
                0x00000360       0xb8 profile/BLECharacteristic.o
 .debug_aranges
                0x00000418       0x80 profile/BLEDevice.o
 .debug_aranges
                0x00000498       0x60 profile/BLEService.o
 .debug_aranges
                0x000004f8      0x230 profile/BLETypedCharacteristics.o
 .debug_aranges
                0x00000728       0x38 profile/BLEUUID.o
 .debug_aranges
                0x00000760       0xf0 protocol/ATT.o
 .debug_aranges
                0x00000850       0x88 protocol/GAP.o
 .debug_aranges
                0x000008d8       0x90 protocol/GATT.o
 .debug_aranges
                0x00000968       0xf8 protocol/HCI.o
 .debug_aranges
                0x00000a60       0x78 protocol/HCIUartTransport.o
 .debug_aranges
                0x00000ad8       0x70 protocol/L2CAPSignaling.o
 .debug_aranges
                0x00000b48       0x20 system/XTimer.o
 .debug_aranges
                0x00000b68       0x78 system/XUart.o
 .debug_aranges
                0x00000be0       0x28 system/XUtil.o

.debug_pubnames
 *(.debug_pubnames)

.debug_info     0x00000000    0x13cb6
 *(.debug_info .gnu.linkonce.wi.*)
 .debug_info    0x00000000      0x780 E:/AtmelStudio7/7.0/Packs/Atmel/ATmega_DFP/1.3.300/gcc/dev/atmega128a/avr51/crtatmega128a.o
 .debug_info    0x00000780      0x891 main.o
 .debug_info    0x00001011     0x14df peripheral/LocalCharacteristic.o
 .debug_info    0x000024f0      0x5a5 peripheral/LocalDescriptor.o
 .debug_info    0x00002a95     0x127d peripheral/LocalDevice.o
 .debug_info    0x00003d12      0x8ba peripheral/LocalService.o
 .debug_info    0x000045cc      0x573 profile/BLEAttribute.o
 .debug_info    0x00004b3f      0xc0a profile/BLECharacteristic.o
 .debug_info    0x00005749      0x7d8 profile/BLEDevice.o
 .debug_info    0x00005f21      0x586 profile/BLEService.o
 .debug_info    0x000064a7     0x4d46 profile/BLETypedCharacteristics.o
 .debug_info    0x0000b1ed      0x2be profile/BLEUUID.o
 .debug_info    0x0000b4ab     0x32f8 protocol/ATT.o
 .debug_info    0x0000e7a3      0x9f5 protocol/GAP.o
 .debug_info    0x0000f198     0x1289 protocol/GATT.o
 .debug_info    0x00010421     0x1fbd protocol/HCI.o
 .debug_info    0x000123de      0x8e1 protocol/HCIUartTransport.o
 .debug_info    0x00012cbf      0x982 protocol/L2CAPSignaling.o
 .debug_info    0x00013641       0x4e system/XTimer.o
 .debug_info    0x0001368f      0x4fa system/XUart.o
 .debug_info    0x00013b89      0x12d system/XUtil.o

.debug_abbrev   0x00000000     0x3d90
 *(.debug_abbrev)
 .debug_abbrev  0x00000000      0x718 E:/AtmelStudio7/7.0/Packs/Atmel/ATmega_DFP/1.3.300/gcc/dev/atmega128a/avr51/crtatmega128a.o
 .debug_abbrev  0x00000718      0x282 main.o
 .debug_abbrev  0x0000099a      0x3ea peripheral/LocalCharacteristic.o
 .debug_abbrev  0x00000d84      0x23e peripheral/LocalDescriptor.o
 .debug_abbrev  0x00000fc2      0x35b peripheral/LocalDevice.o
 .debug_abbrev  0x0000131d      0x36a peripheral/LocalService.o
 .debug_abbrev  0x00001687      0x24d profile/BLEAttribute.o
 .debug_abbrev  0x000018d4      0x280 profile/BLECharacteristic.o
 .debug_abbrev  0x00001b54      0x293 profile/BLEDevice.o
 .debug_abbrev  0x00001de7      0x288 profile/BLEService.o
 .debug_abbrev  0x0000206f      0x20b profile/BLETypedCharacteristics.o
 .debug_abbrev  0x0000227a      0x1b8 profile/BLEUUID.o
 .debug_abbrev  0x00002432      0x4f0 protocol/ATT.o
 .debug_abbrev  0x00002922      0x30e protocol/GAP.o
 .debug_abbrev  0x00002c30      0x389 protocol/GATT.o
 .debug_abbrev  0x00002fb9      0x4a7 protocol/HCI.o
 .debug_abbrev  0x00003460      0x318 protocol/HCIUartTransport.o
 .debug_abbrev  0x00003778      0x2f1 protocol/L2CAPSignaling.o
 .debug_abbrev  0x00003a69       0x3c system/XTimer.o
 .debug_abbrev  0x00003aa5      0x225 system/XUart.o
 .debug_abbrev  0x00003cca       0xc6 system/XUtil.o

.debug_line     0x00000000     0x4f89
 *(.debug_line .debug_line.* .debug_line_end)
 .debug_line    0x00000000      0x169 E:/AtmelStudio7/7.0/Packs/Atmel/ATmega_DFP/1.3.300/gcc/dev/atmega128a/avr51/crtatmega128a.o
 .debug_line    0x00000169      0x257 main.o
 .debug_line    0x000003c0      0x651 peripheral/LocalCharacteristic.o
 .debug_line    0x00000a11      0x202 peripheral/LocalDescriptor.o
 .debug_line    0x00000c13      0x57e peripheral/LocalDevice.o
 .debug_line    0x00001191      0x2c9 peripheral/LocalService.o
 .debug_line    0x0000145a      0x1c1 profile/BLEAttribute.o
 .debug_line    0x0000161b      0x3b6 profile/BLECharacteristic.o
 .debug_line    0x000019d1      0x2ad profile/BLEDevice.o
 .debug_line    0x00001c7e      0x1ba profile/BLEService.o
 .debug_line    0x00001e38      0x8e5 profile/BLETypedCharacteristics.o
 .debug_line    0x0000271d      0x163 profile/BLEUUID.o
 .debug_line    0x00002880      0xf57 protocol/ATT.o
 .debug_line    0x000037d7      0x36b protocol/GAP.o
 .debug_line    0x00003b42      0x54c protocol/GATT.o
 .debug_line    0x0000408e      0x6cd protocol/HCI.o
 .debug_line    0x0000475b      0x2b3 protocol/HCIUartTransport.o
 .debug_line    0x00004a0e      0x23c protocol/L2CAPSignaling.o
 .debug_line    0x00004c4a       0x48 system/XTimer.o
 .debug_line    0x00004c92      0x1ea system/XUart.o
 .debug_line    0x00004e7c      0x10d system/XUtil.o

.debug_frame    0x00000000     0x2550
 *(.debug_frame)
 .debug_frame   0x00000000       0xac main.o
 .debug_frame   0x000000ac      0x2f0 peripheral/LocalCharacteristic.o
 .debug_frame   0x0000039c       0xe0 peripheral/LocalDescriptor.o
 .debug_frame   0x0000047c      0x25c peripheral/LocalDevice.o
 .debug_frame   0x000006d8      0x124 peripheral/LocalService.o
 .debug_frame   0x000007fc       0xb0 profile/BLEAttribute.o
 .debug_frame   0x000008ac      0x1d0 profile/BLECharacteristic.o
 .debug_frame   0x00000a7c      0x110 profile/BLEDevice.o
 .debug_frame   0x00000b8c       0xdc profile/BLEService.o
 .debug_frame   0x00000c68      0x718 profile/BLETypedCharacteristics.o
 .debug_frame   0x00001380       0x88 profile/BLEUUID.o
 .debug_frame   0x00001408      0x628 protocol/ATT.o
 .debug_frame   0x00001a30      0x138 protocol/GAP.o
 .debug_frame   0x00001b68      0x218 protocol/GATT.o
 .debug_frame   0x00001d80      0x45c protocol/HCI.o
 .debug_frame   0x000021dc      0x11c protocol/HCIUartTransport.o
 .debug_frame   0x000022f8      0x12c protocol/L2CAPSignaling.o
 .debug_frame   0x00002424       0x24 system/XTimer.o
 .debug_frame   0x00002448       0xd4 system/XUart.o
 .debug_frame   0x0000251c       0x34 system/XUtil.o

.debug_str      0x00000000     0x7007
 *(.debug_str)
 .debug_str     0x00000000      0x27d E:/AtmelStudio7/7.0/Packs/Atmel/ATmega_DFP/1.3.300/gcc/dev/atmega128a/avr51/crtatmega128a.o
 .debug_str     0x0000027d      0x7ff main.o
                                0x8ac (size before relaxing)
 .debug_str     0x00000a7c      0xa51 peripheral/LocalCharacteristic.o
                                0xd79 (size before relaxing)
 .debug_str     0x000014cd      0x1c6 peripheral/LocalDescriptor.o
                                0x458 (size before relaxing)
 .debug_str     0x00001693      0x8f3 peripheral/LocalDevice.o
                                0xd98 (size before relaxing)
 .debug_str     0x00001f86      0x3ea peripheral/LocalService.o
                                0x6f5 (size before relaxing)
 .debug_str     0x00002370      0x1d7 profile/BLEAttribute.o
                                0x44d (size before relaxing)
 .debug_str     0x00002547      0x3e9 profile/BLECharacteristic.o
                                0x9ac (size before relaxing)
 .debug_str     0x00002930      0x1e1 profile/BLEDevice.o
                                0x4a1 (size before relaxing)
 .debug_str     0x00002b11      0x189 profile/BLEService.o
                                0x471 (size before relaxing)
 .debug_str     0x00002c9a     0x2971 profile/BLETypedCharacteristics.o
                               0x312e (size before relaxing)
 .debug_str     0x0000560b       0x36 profile/BLEUUID.o
                                0x24a (size before relaxing)
 .debug_str     0x00005641      0x581 protocol/ATT.o
                                0xe37 (size before relaxing)
 .debug_str     0x00005bc2      0x2d7 protocol/GAP.o
                                0x7fe (size before relaxing)
 .debug_str     0x00005e99      0x302 protocol/GATT.o
                                0xb39 (size before relaxing)
 .debug_str     0x0000619b      0x66f protocol/HCI.o
                                0xd90 (size before relaxing)
 .debug_str     0x0000680a      0x4c2 protocol/HCIUartTransport.o
                                0x775 (size before relaxing)
 .debug_str     0x00006ccc      0x268 protocol/L2CAPSignaling.o
                                0x6e3 (size before relaxing)
 .debug_str     0x00006f34       0x15 system/XTimer.o
                                0x155 (size before relaxing)
 .debug_str     0x00006f49       0xaa system/XUart.o
                                0x38d (size before relaxing)
 .debug_str     0x00006ff3       0x14 system/XUtil.o
                                0x1d9 (size before relaxing)

.debug_loc      0x00000000     0xc2b1
 *(.debug_loc)
 .debug_loc     0x00000000      0x23a main.o
 .debug_loc     0x0000023a      0xdba peripheral/LocalCharacteristic.o
 .debug_loc     0x00000ff4      0x2ed peripheral/LocalDescriptor.o
 .debug_loc     0x000012e1      0x8d2 peripheral/LocalDevice.o
 .debug_loc     0x00001bb3      0x479 peripheral/LocalService.o
 .debug_loc     0x0000202c      0x1c0 profile/BLEAttribute.o
 .debug_loc     0x000021ec      0x8fc profile/BLECharacteristic.o
 .debug_loc     0x00002ae8      0x453 profile/BLEDevice.o
 .debug_loc     0x00002f3b      0x353 profile/BLEService.o
 .debug_loc     0x0000328e     0x2763 profile/BLETypedCharacteristics.o
 .debug_loc     0x000059f1      0x19c profile/BLEUUID.o
 .debug_loc     0x00005b8d     0x36b7 protocol/ATT.o
 .debug_loc     0x00009244      0x30b protocol/GAP.o
 .debug_loc     0x0000954f      0x9f5 protocol/GATT.o
 .debug_loc     0x00009f44     0x19a5 protocol/HCI.o
 .debug_loc     0x0000b8e9      0x3a5 protocol/HCIUartTransport.o
 .debug_loc     0x0000bc8e      0x4ca protocol/L2CAPSignaling.o
 .debug_loc     0x0000c158      0x10d system/XUart.o
 .debug_loc     0x0000c265       0x4c system/XUtil.o

.debug_macinfo
 *(.debug_macinfo)

.debug_weaknames
 *(.debug_weaknames)

.debug_funcnames
 *(.debug_funcnames)

.debug_typenames
 *(.debug_typenames)

.debug_varnames
 *(.debug_varnames)

.debug_pubtypes
 *(.debug_pubtypes)

.debug_ranges   0x00000000      0xcb0
 *(.debug_ranges)
 .debug_ranges  0x00000000       0x40 main.o
 .debug_ranges  0x00000040       0xe8 peripheral/LocalCharacteristic.o
 .debug_ranges  0x00000128       0x58 peripheral/LocalDescriptor.o
 .debug_ranges  0x00000180       0xe8 peripheral/LocalDevice.o
 .debug_ranges  0x00000268       0x60 peripheral/LocalService.o
 .debug_ranges  0x000002c8       0x50 profile/BLEAttribute.o
 .debug_ranges  0x00000318       0xa8 profile/BLECharacteristic.o
 .debug_ranges  0x000003c0       0x70 profile/BLEDevice.o
 .debug_ranges  0x00000430       0x50 profile/BLEService.o
 .debug_ranges  0x00000480      0x220 profile/BLETypedCharacteristics.o
 .debug_ranges  0x000006a0       0x28 profile/BLEUUID.o
 .debug_ranges  0x000006c8      0x250 protocol/ATT.o
 .debug_ranges  0x00000918       0x78 protocol/GAP.o
 .debug_ranges  0x00000990       0xb0 protocol/GATT.o
 .debug_ranges  0x00000a40      0x118 protocol/HCI.o
 .debug_ranges  0x00000b58       0x68 protocol/HCIUartTransport.o
 .debug_ranges  0x00000bc0       0x60 protocol/L2CAPSignaling.o
 .debug_ranges  0x00000c20       0x10 system/XTimer.o
 .debug_ranges  0x00000c30       0x68 system/XUart.o
 .debug_ranges  0x00000c98       0x18 system/XUtil.o

.debug_macro
 *(.debug_macro)
OUTPUT(RdtOneBLE.elf elf32-avr)
LOAD linker stubs
