Archive member included to satisfy reference by file (symbol)

e:/atmelstudio7/7.0/toolchain/avr8/avr8-gnu-toolchain/bin/../lib/gcc/avr/5.4.0/../../../../avr/lib/avr51\libprintf_flt.a(vfprintf_flt.o)
                              (vfprintf)
e:/atmelstudio7/7.0/toolchain/avr8/avr8-gnu-toolchain/bin/../lib/gcc/avr/5.4.0/avr51\libgcc.a(_exit.o)
                              E:/AtmelStudio7/7.0/Packs/Atmel/ATmega_DFP/1.3.300/gcc/dev/atmega128a/avr51/crtatmega128a.o (exit)
e:/atmelstudio7/7.0/toolchain/avr8/avr8-gnu-toolchain/bin/../lib/gcc/avr/5.4.0/avr51\libgcc.a(_tablejump2.o)
                              protocol/ATT.o (__tablejump2__)
e:/atmelstudio7/7.0/toolchain/avr8/avr8-gnu-toolchain/bin/../lib/gcc/avr/5.4.0/avr51\libgcc.a(_copy_data.o)
                              peripheral/LocalCharacteristic.o (__do_copy_data)
e:/atmelstudio7/7.0/toolchain/avr8/avr8-gnu-toolchain/bin/../lib/gcc/avr/5.4.0/avr51\libgcc.a(_clear_bss.o)
                              protocol/ATT.o (__do_clear_bss)
e:/atmelstudio7/7.0/toolchain/avr8/avr8-gnu-toolchain/bin/../lib/gcc/avr/5.4.0/avr51\libgcc.a(_ctors.o)
                              protocol/ATT.o (__do_global_ctors)
e:/atmelstudio7/7.0/toolchain/avr8/avr8-gnu-toolchain/bin/../lib/gcc/avr/5.4.0/avr51\libgcc.a(_dtors.o)
                              protocol/ATT.o (__do_global_dtors)
e:/atmelstudio7/7.0/toolchain/avr8/avr8-gnu-toolchain/bin/../lib/gcc/avr/5.4.0/../../../../avr/lib/avr51\libc.a(malloc.o)
                              peripheral/LocalCharacteristic.o (malloc)
e:/atmelstudio7/7.0/toolchain/avr8/avr8-gnu-toolchain/bin/../lib/gcc/avr/5.4.0/../../../../avr/lib/avr51\libc.a(realloc.o)
                              protocol/ATT.o (realloc)
e:/atmelstudio7/7.0/toolchain/avr8/avr8-gnu-toolchain/bin/../lib/gcc/avr/5.4.0/../../../../avr/lib/avr51\libc.a(strtoul.o)
                              profile/BLEUUID.o (strtoul)
e:/atmelstudio7/7.0/toolchain/avr8/avr8-gnu-toolchain/bin/../lib/gcc/avr/5.4.0/../../../../avr/lib/avr51\libc.a(ftoa_engine.o)
                              e:/atmelstudio7/7.0/toolchain/avr8/avr8-gnu-toolchain/bin/../lib/gcc/avr/5.4.0/../../../../avr/lib/avr51\libprintf_flt.a(vfprintf_flt.o) (__ftoa_engine)
e:/atmelstudio7/7.0/toolchain/avr8/avr8-gnu-toolchain/bin/../lib/gcc/avr/5.4.0/../../../../avr/lib/avr51\libc.a(isspace.o)
                              e:/atmelstudio7/7.0/toolchain/avr8/avr8-gnu-toolchain/bin/../lib/gcc/avr/5.4.0/../../../../avr/lib/avr51\libc.a(strtoul.o) (isspace)
e:/atmelstudio7/7.0/toolchain/avr8/avr8-gnu-toolchain/bin/../lib/gcc/avr/5.4.0/../../../../avr/lib/avr51\libc.a(strnlen_P.o)
                              e:/atmelstudio7/7.0/toolchain/avr8/avr8-gnu-toolchain/bin/../lib/gcc/avr/5.4.0/../../../../avr/lib/avr51\libprintf_flt.a(vfprintf_flt.o) (strnlen_P)
e:/atmelstudio7/7.0/toolchain/avr8/avr8-gnu-toolchain/bin/../lib/gcc/avr/5.4.0/../../../../avr/lib/avr51\libc.a(memcmp.o)
                              profile/BLEDevice.o (memcmp)
e:/atmelstudio7/7.0/toolchain/avr8/avr8-gnu-toolchain/bin/../lib/gcc/avr/5.4.0/../../../../avr/lib/avr51\libc.a(memcpy.o)
                              peripheral/LocalCharacteristic.o (memcpy)
e:/atmelstudio7/7.0/toolchain/avr8/avr8-gnu-toolchain/bin/../lib/gcc/avr/5.4.0/../../../../avr/lib/avr51\libc.a(memset.o)
                              protocol/ATT.o (memset)
e:/atmelstudio7/7.0/toolchain/avr8/avr8-gnu-toolchain/bin/../lib/gcc/avr/5.4.0/../../../../avr/lib/avr51\libc.a(strnlen.o)
                              e:/atmelstudio7/7.0/toolchain/avr8/avr8-gnu-toolchain/bin/../lib/gcc/avr/5.4.0/../../../../avr/lib/avr51\libprintf_flt.a(vfprintf_flt.o) (strnlen)
e:/atmelstudio7/7.0/toolchain/avr8/avr8-gnu-toolchain/bin/../lib/gcc/avr/5.4.0/../../../../avr/lib/avr51\libc.a(fputc.o)
                              e:/atmelstudio7/7.0/toolchain/avr8/avr8-gnu-toolchain/bin/../lib/gcc/avr/5.4.0/../../../../avr/lib/avr51\libprintf_flt.a(vfprintf_flt.o) (fputc)
e:/atmelstudio7/7.0/toolchain/avr8/avr8-gnu-toolchain/bin/../lib/gcc/avr/5.4.0/../../../../avr/lib/avr51\libc.a(sprintf.o)
                              profile/BLEDevice.o (sprintf)
e:/atmelstudio7/7.0/toolchain/avr8/avr8-gnu-toolchain/bin/../lib/gcc/avr/5.4.0/../../../../avr/lib/avr51\libc.a(ultoa_invert.o)
                              e:/atmelstudio7/7.0/toolchain/avr8/avr8-gnu-toolchain/bin/../lib/gcc/avr/5.4.0/../../../../avr/lib/avr51\libprintf_flt.a(vfprintf_flt.o) (__ultoa_invert)
e:/atmelstudio7/7.0/toolchain/avr8/avr8-gnu-toolchain/bin/../lib/gcc/avr/5.4.0/../../../../avr/lib/avr51\libc.a(errno.o)
                              e:/atmelstudio7/7.0/toolchain/avr8/avr8-gnu-toolchain/bin/../lib/gcc/avr/5.4.0/../../../../avr/lib/avr51\libc.a(strtoul.o) (errno)
e:/atmelstudio7/7.0/toolchain/avr8/avr8-gnu-toolchain/bin/../lib/gcc/avr/5.4.0/../../../../avr/lib/avr51\libc.a(cty_isfalse.o)
[...]
Memory Configuration

Name             Origin             Length             Attributes
text             0x00000000         0x00020000         xr
data             0x00800100         0x0000ff00         rw !x
eeprom           0x00810000         0x00010000         rw !x
fuse             0x00820000         0x00000003         rw !x
lock             0x00830000         0x00000400         rw !x
signature        0x00840000         0x00000400         rw !x
user_signatures  0x00850000         0x00000400         rw !x
*default*        0x00000000         0xffffffff

Linker script and memory map

Address of section .data set to 0x800100
LOAD E:/AtmelStudio7/7.0/Packs/Atmel/ATmega_DFP/1.3.300/gcc/dev/atmega128a/avr51/crtatmega128a.o
LOAD main.o
LOAD peripheral/LocalCharacteristic.o
LOAD peripheral/LocalDescriptor.o
LOAD peripheral/LocalDevice.o
LOAD peripheral/LocalService.o
LOAD profile/BLEAttribute.o
LOAD profile/BLECharacteristic.o
LOAD profile/BLEDescriptor.o
LOAD profile/BLEDevice.o
LOAD profile/BLEService.o
LOAD profile/BLETypedCharacteristics.o
LOAD profile/BLEUUID.o
LOAD protocol/ATT.o
LOAD protocol/GAP.o
LOAD protocol/GATT.o
LOAD protocol/HCI.o
LOAD protocol/HCIUartTransport.o
LOAD protocol/L2CAPSignaling.o
LOAD system/XLinkedList.o
LOAD system/XTimer.o
LOAD system/XUart.o
LOAD system/XUtil.o
START GROUP
LOAD e:/atmelstudio7/7.0/toolchain/avr8/avr8-gnu-toolchain/bin/../lib/gcc/avr/5.4.0/../../../../avr/lib/avr51\libm.a
END GROUP
LOAD e:/atmelstudio7/7.0/toolchain/avr8/avr8-gnu-toolchain/bin/../lib/gcc/avr/5.4.0/../../../../avr/lib/avr51\libprintf_flt.a
LOAD e:/atmelstudio7/7.0/toolchain/avr8/avr8-gnu-toolchain/bin/../lib/gcc/avr/5.4.0/avr51\libgcc.a
LOAD e:/atmelstudio7/7.0/toolchain/avr8/avr8-gnu-toolchain/bin/../lib/gcc/avr/5.4.0/../../../../avr/lib/avr51\libm.a
START GROUP
LOAD e:/atmelstudio7/7.0/toolchain/avr8/avr8-gnu-toolchain/bin/../lib/gcc/avr/5.4.0/avr51\libgcc.a
LOAD e:/atmelstudio7/7.0/toolchain/avr8/avr8-gnu-toolchain/bin/../lib/gcc/avr/5.4.0/../../../../avr/lib/avr51\libm.a
LOAD e:/atmelstudio7/7.0/toolchain/avr8/avr8-gnu-toolchain/bin/../lib/gcc/avr/5.4.0/../../../../avr/lib/avr51\libc.a
LOAD E:/AtmelStudio7/7.0/Packs/Atmel/ATmega_DFP/1.3.300/gcc/dev/atmega128a/avr51\libatmega128a.a
END GROUP
                0x00020000                __TEXT_REGION_LENGTH__ = DEFINED (__TEXT_REGION_LENGTH__)?__TEXT_REGION_LENGTH__:0x20000
                0x0000ff00                __DATA_REGION_LENGTH__ = DEFINED (__DATA_REGION_LENGTH__)?__DATA_REGION_LENGTH__:0xff00
                0x00010000                __EEPROM_REGION_LENGTH__ = DEFINED (__EEPROM_REGION_LENGTH__)?__EEPROM_REGION_LENGTH__:0x10000
                [0x00000003]                __FUSE_REGION_LENGTH__ = DEFINED (__FUSE_REGION_LENGTH__)?__FUSE_REGION_LENGTH__:0x400
                0x00000400                __LOCK_REGION_LENGTH__ = DEFINED (__LOCK_REGION_LENGTH__)?__LOCK_REGION_LENGTH__:0x400
                0x00000400                __SIGNATURE_REGION_LENGTH__ = DEFINED (__SIGNATURE_REGION_LENGTH__)?__SIGNATURE_REGION_LENGTH__:0x400
                0x00000400                __USER_SIGNATURE_REGION_LENGTH__ = DEFINED (__USER_SIGNATURE_REGION_LENGTH__)?__USER_SIGNATURE_REGION_LENGTH__:0x400

.hash
 *(.hash)

.dynsym
 *(.dynsym)

.dynstr
 *(.dynstr)

.gnu.version
 *(.gnu.version)

.gnu.version_d
 *(.gnu.version_d)

.gnu.version_r
 *(.gnu.version_r)

.rel.init
 *(.rel.init)

.rela.init
 *(.rela.init)

.rel.text
 *(.rel.text)
 *(.rel.text.*)
 *(.rel.gnu.linkonce.t*)

.rela.text
 *(.rela.text)
 *(.rela.text.*)
 *(.rela.gnu.linkonce.t*)

.rel.fini
 *(.rel.fini)

.rela.fini
 *(.rela.fini)

.rel.rodata
 *(.rel.rodata)
 *(.rel.rodata.*)
 *(.rel.gnu.linkonce.r*)

.rela.rodata
 *(.rela.rodata)
 *(.rela.rodata.*)
 *(.rela.gnu.linkonce.r*)

.rel.data
 *(.rel.data)
 *(.rel.data.*)
 *(.rel.gnu.linkonce.d*)

.rela.data
 *(.rela.data)
 *(.rela.data.*)
 *(.rela.gnu.linkonce.d*)

.rel.ctors
 *(.rel.ctors)

.rela.ctors
 *(.rela.ctors)

.rel.dtors
 *(.rel.dtors)

.rela.dtors
 *(.rela.dtors)

.rel.got
 *(.rel.got)

.rela.got
 *(.rela.got)

.rel.bss
 *(.rel.bss)

.rela.bss
 *(.rela.bss)

.rel.plt
 *(.rel.plt)

.rela.plt
 *(.rela.plt)

.text           0x00000000     0x18c4
 *(.vectors)
 .vectors       0x00000000       0x8c E:/AtmelStudio7/7.0/Packs/Atmel/ATmega_DFP/1.3.300/gcc/dev/atmega128a/avr51/crtatmega128a.o
                0x00000000                __vector_default
                0x00000000                __vectors
 *(.vectors)
 *(.progmem.gcc*)
                0x0000008c                . = ALIGN (0x2)
                0x0000008c                __trampolines_start = .
 *(.trampolines)
 .trampolines   0x0000008c        0x0 linker stubs
 *(.trampolines*)
                0x0000008c                __trampolines_end = .
 *libprintf_flt.a:*(.progmem.data)
 .progmem.data  0x0000008c        0x8 e:/atmelstudio7/7.0/toolchain/avr8/avr8-gnu-toolchain/bin/../lib/gcc/avr/5.4.0/../../../../avr/lib/avr51\libprintf_flt.a(vfprintf_flt.o)
 *libc.a:*(.progmem.data)
 .progmem.data  0x00000094       0xfa e:/atmelstudio7/7.0/toolchain/avr8/avr8-gnu-toolchain/bin/../lib/gcc/avr/5.4.0/../../../../avr/lib/avr51\libc.a(ftoa_engine.o)
 *(.progmem*)
                0x0000018e                . = ALIGN (0x2)
 *(.jumptables)
 *(.jumptables*)
 *(.lowtext)
 *(.lowtext*)
                0x0000018e                __ctors_start = .
 *(.ctors)
 .ctors         0x0000018e        0x2 protocol/ATT.o
 .ctors         0x00000190        0x2 protocol/GAP.o
 .ctors         0x00000192        0x2 protocol/GATT.o
 .ctors         0x00000194        0x2 protocol/HCI.o
 .ctors         0x00000196        0x2 protocol/HCIUartTransport.o
 .ctors         0x00000198        0x2 protocol/L2CAPSignaling.o
 .ctors         0x0000019a        0x2 system/XUart.o
                0x0000019c                __ctors_end = .
                0x0000019c                __dtors_start = .
 *(.dtors)
 .dtors         0x0000019c        0x2 protocol/ATT.o
 .dtors         0x0000019e        0x2 protocol/GATT.o
                0x000001a0                __dtors_end = .
 SORT(*)(.ctors)
 SORT(*)(.dtors)
 *(.init0)
 .init0         0x000001a0        0x0 E:/AtmelStudio7/7.0/Packs/Atmel/ATmega_DFP/1.3.300/gcc/dev/atmega128a/avr51/crtatmega128a.o
                0x000001a0                __init
 *(.init0)
 *(.init1)
 *(.init1)
 *(.init2)
 .init2         0x000001a0        0xc E:/AtmelStudio7/7.0/Packs/Atmel/ATmega_DFP/1.3.300/gcc/dev/atmega128a/avr51/crtatmega128a.o
 *(.init2)
 *(.init3)
 *(.init3)
 *(.init4)
 .init4         0x000001ac       0x1a e:/atmelstudio7/7.0/toolchain/avr8/avr8-gnu-toolchain/bin/../lib/gcc/avr/5.4.0/avr51\libgcc.a(_copy_data.o)
                0x000001ac                __do_copy_data
 .init4         0x000001c6       0x10 e:/atmelstudio7/7.0/toolchain/avr8/avr8-gnu-toolchain/bin/../lib/gcc/avr/5.4.0/avr51\libgcc.a(_clear_bss.o)
                0x000001c6                __do_clear_bss
 *(.init4)
 *(.init5)
 *(.init5)
 *(.init6)
 .init6         0x000001d6       0x14 e:/atmelstudio7/7.0/toolchain/avr8/avr8-gnu-toolchain/bin/../lib/gcc/avr/5.4.0/avr51\libgcc.a(_ctors.o)
                0x000001d6                __do_global_ctors
 *(.init6)
 *(.init7)
 *(.init7)
 *(.init8)
 *(.init8)
 *(.init9)
 .init9         0x000001ea        0x6 E:/AtmelStudio7/7.0/Packs/Atmel/ATmega_DFP/1.3.300/gcc/dev/atmega128a/avr51/crtatmega128a.o
 *(.init9)
 *(.text)
 .text          0x000001f0        0x2 E:/AtmelStudio7/7.0/Packs/Atmel/ATmega_DFP/1.3.300/gcc/dev/atmega128a/avr51/crtatmega128a.o
                0x000001f0                __vector_22
                0x000001f0                __vector_28
                0x000001f0                __vector_1
                0x000001f0                __vector_32
                0x000001f0                __vector_34
                0x000001f0                __vector_24
                0x000001f0                __vector_12
                0x000001f0                __bad_interrupt
                0x000001f0                __vector_6
                0x000001f0                __vector_31
                0x000001f0                __vector_3
                0x000001f0                __vector_23
                0x000001f0                __vector_30
                0x000001f0                __vector_25
                0x000001f0                __vector_11
                0x000001f0                __vector_13
                0x000001f0                __vector_17
                0x000001f0                __vector_19
                0x000001f0                __vector_7
                0x000001f0                __vector_27
                0x000001f0                __vector_5
                0x000001f0                __vector_33
                0x000001f0                __vector_4
                0x000001f0                __vector_9
                0x000001f0                __vector_2
                0x000001f0                __vector_21
                0x000001f0                __vector_15
                0x000001f0                __vector_29
                0x000001f0                __vector_8
                0x000001f0                __vector_26
                0x000001f0                __vector_14
                0x000001f0                __vector_10
                0x000001f0                __vector_16
                0x000001f0                __vector_18
                0x000001f0                __vector_20
                0x000001f2                . = ALIGN (0x2)
 *(.text.*)
 .text.main     0x000001f2        0x2 main.o
                0x000001f2                main
 .text._ZN19LocalCharacteristic4typeEv
                0x000001f4        0x6 peripheral/LocalCharacteristic.o
                0x000001f4                _ZN19LocalCharacteristic4typeEv
 .text._ZN19LocalCharacteristicD2Ev
                0x000001fa       0x94 peripheral/LocalCharacteristic.o
                0x000001fa                _ZN19LocalCharacteristicD2Ev
                0x000001fa                _ZN19LocalCharacteristicD1Ev
 .text._ZN19LocalCharacteristicD0Ev
                0x0000028e       0x12 peripheral/LocalCharacteristic.o
                0x0000028e                _ZN19LocalCharacteristicD0Ev
 .text._ZN19LocalCharacteristicC2EPKchib
                0x000002a0       0xa2 peripheral/LocalCharacteristic.o
                0x000002a0                _ZN19LocalCharacteristicC1EPKchib
                0x000002a0                _ZN19LocalCharacteristicC2EPKchib
 .text._ZN15LocalDescriptor4typeEv
                0x00000342        0x6 peripheral/LocalDescriptor.o
                0x00000342                _ZN15LocalDescriptor4typeEv
 .text._ZN15LocalDescriptorD2Ev
                0x00000348        0xe peripheral/LocalDescriptor.o
                0x00000348                _ZN15LocalDescriptorD1Ev
                0x00000348                _ZN15LocalDescriptorD2Ev
 .text._ZN15LocalDescriptorD0Ev
                0x00000356       0x12 peripheral/LocalDescriptor.o
                0x00000356                _ZN15LocalDescriptorD0Ev
 .text._ZN15LocalDescriptorC2EPKcPKhi
                0x00000368       0x48 peripheral/LocalDescriptor.o
                0x00000368                _ZN15LocalDescriptorC2EPKcPKhi
                0x00000368                _ZN15LocalDescriptorC1EPKcPKhi
 .text._ZN12LocalService4typeEv
                0x000003b0        0x6 peripheral/LocalService.o
                0x000003b0                _ZN12LocalService4typeEv
 .text._ZN12LocalServiceD2Ev
                0x000003b6       0x84 peripheral/LocalService.o
                0x000003b6                _ZN12LocalServiceD1Ev
                0x000003b6                _ZN12LocalServiceD2Ev
 .text._ZN12LocalServiceD0Ev
                0x0000043a       0x12 peripheral/LocalService.o
                0x0000043a                _ZN12LocalServiceD0Ev
 .text._ZN12LocalServiceC2EPKc
                0x0000044c       0x26 peripheral/LocalService.o
                0x0000044c                _ZN12LocalServiceC1EPKc
                0x0000044c                _ZN12LocalServiceC2EPKc
 .text._ZN12LocalService17addCharacteristicEP19LocalCharacteristic
                0x00000472       0x24 peripheral/LocalService.o
                0x00000472                _ZN12LocalService17addCharacteristicEP19LocalCharacteristic
 .text._ZN12BLEAttributeD2Ev
                0x00000496        0x2 profile/BLEAttribute.o
                0x00000496                _ZN12BLEAttributeD2Ev
                0x00000496                _ZN12BLEAttributeD1Ev
 .text._ZN12BLEAttribute4typeEv
                0x00000498        0x6 profile/BLEAttribute.o
                0x00000498                _ZN12BLEAttribute4typeEv
 .text._ZN12BLEAttributeD0Ev
                0x0000049e        0x4 profile/BLEAttribute.o
                0x0000049e                _ZN12BLEAttributeD0Ev
 .text._ZN12BLEAttributeC2EPKc
                0x000004a2       0x1e profile/BLEAttribute.o
                0x000004a2                _ZN12BLEAttributeC1EPKc
                0x000004a2                _ZN12BLEAttributeC2EPKc
 .text._ZN12BLEAttribute6retainEv
                0x000004c0       0x10 profile/BLEAttribute.o
                0x000004c0                _ZN12BLEAttribute6retainEv
 .text._ZN12BLEAttribute7releaseEv
                0x000004d0       0x10 profile/BLEAttribute.o
                0x000004d0                _ZN12BLEAttribute7releaseEv
 .text._ZN7BLEUUIDC2EPKc
                0x000004e0       0xd4 profile/BLEUUID.o
                0x000004e0                _ZN7BLEUUIDC2EPKc
                0x000004e0                _ZN7BLEUUIDC1EPKc
 .text._ZN8ATTClassD2Ev
                0x000005b4       0x16 protocol/ATT.o
                0x000005b4                _ZN8ATTClassD2Ev
                0x000005b4                _ZN8ATTClassD1Ev
 .text._ZN8ATTClassD0Ev
                0x000005ca       0x12 protocol/ATT.o
                0x000005ca                _ZN8ATTClassD0Ev
 .text._ZN8ATTClassC2Ev
                0x000005dc       0x4e protocol/ATT.o
                0x000005dc                _ZN8ATTClassC1Ev
                0x000005dc                _ZN8ATTClassC2Ev
 .text._GLOBAL__sub_I__ZN8ATTClassC2Ev
                0x0000062a        0x8 protocol/ATT.o
 .text._GLOBAL__sub_D__ZN8ATTClassC2Ev
                0x00000632        0x8 protocol/ATT.o
 .text._ZN8GAPClassD2Ev
                0x0000063a        0x2 protocol/GAP.o
                0x0000063a                _ZN8GAPClassD2Ev
                0x0000063a                _ZN8GAPClassD1Ev
 .text._ZN8GAPClassD0Ev
                0x0000063c        0x4 protocol/GAP.o
                0x0000063c                _ZN8GAPClassD0Ev
 .text._ZN8GAPClassC2Ev
                0x00000640       0x32 protocol/GAP.o
                0x00000640                _ZN8GAPClassC2Ev
                0x00000640                _ZN8GAPClassC1Ev
 .text._GLOBAL__sub_I__ZN8GAPClassC2Ev
                0x00000672        0x8 protocol/GAP.o
 .text._ZN9GATTClassC2Ev
                0x0000067a       0xc4 protocol/GATT.o
                0x0000067a                _ZN9GATTClassC2Ev
                0x0000067a                _ZN9GATTClassC1Ev
 .text._ZN9GATTClass15clearAttributesEv
                0x0000073e       0x66 protocol/GATT.o
                0x0000073e                _ZN9GATTClass15clearAttributesEv
 .text._GLOBAL__sub_I__ZN9GATTClassC2Ev
                0x000007a4        0x8 protocol/GATT.o
 .text._ZN9GATTClassD2Ev
                0x000007ac       0x46 protocol/GATT.o
                0x000007ac                _ZN9GATTClassD1Ev
                0x000007ac                _ZN9GATTClassD2Ev
 .text._ZN9GATTClassD0Ev
                0x000007f2       0x12 protocol/GATT.o
                0x000007f2                _ZN9GATTClassD0Ev
 .text._GLOBAL__sub_D__ZN9GATTClassC2Ev
                0x00000804        0x8 protocol/GATT.o
 .text._ZN8HCIClassD2Ev
                0x0000080c        0x2 protocol/HCI.o
                0x0000080c                _ZN8HCIClassD2Ev
                0x0000080c                _ZN8HCIClassD1Ev
 .text._ZN8HCIClassD0Ev
                0x0000080e        0x4 protocol/HCI.o
                0x0000080e                _ZN8HCIClassD0Ev
 .text._GLOBAL__sub_I__ZN8HCIClassC2Ev
                0x00000812       0x16 protocol/HCI.o
 .text._ZN21HCIUartTransportClassD2Ev
                0x00000828        0x2 protocol/HCIUartTransport.o
                0x00000828                _ZN21HCIUartTransportClassD2Ev
                0x00000828                _ZN21HCIUartTransportClassD1Ev
 .text._ZN21HCIUartTransportClass5beginEv
                0x0000082a       0x16 protocol/HCIUartTransport.o
                0x0000082a                _ZN21HCIUartTransportClass5beginEv
 .text._ZN21HCIUartTransportClass3endEv
                0x00000840        0xa protocol/HCIUartTransport.o
                0x00000840                _ZN21HCIUartTransportClass3endEv
 .text._ZN21HCIUartTransportClass4waitEm
                0x0000084a       0x60 protocol/HCIUartTransport.o
                0x0000084a                _ZN21HCIUartTransportClass4waitEm
 .text._ZN21HCIUartTransportClass9availableEv
                0x000008aa        0xa protocol/HCIUartTransport.o
                0x000008aa                _ZN21HCIUartTransportClass9availableEv
 .text._ZN21HCIUartTransportClass4peekEv
                0x000008b4        0xa protocol/HCIUartTransport.o
                0x000008b4                _ZN21HCIUartTransportClass4peekEv
 .text._ZN21HCIUartTransportClass4readEv
                0x000008be        0xa protocol/HCIUartTransport.o
                0x000008be                _ZN21HCIUartTransportClass4readEv
 .text._ZN21HCIUartTransportClass5writeEPKhj
                0x000008c8       0x24 protocol/HCIUartTransport.o
                0x000008c8                _ZN21HCIUartTransportClass5writeEPKhj
 .text._ZN21HCIUartTransportClassD0Ev
                0x000008ec        0x4 protocol/HCIUartTransport.o
                0x000008ec                _ZN21HCIUartTransportClassD0Ev
 .text._GLOBAL__sub_I__ZN21HCIUartTransportClassC2ER5XUartm
                0x000008f0       0x26 protocol/HCIUartTransport.o
 .text._ZN19L2CAPSignalingClassD2Ev
                0x00000916        0x2 protocol/L2CAPSignaling.o
                0x00000916                _ZN19L2CAPSignalingClassD1Ev
                0x00000916                _ZN19L2CAPSignalingClassD2Ev
 .text._ZN19L2CAPSignalingClassD0Ev
                0x00000918        0x4 protocol/L2CAPSignaling.o
                0x00000918                _ZN19L2CAPSignalingClassD0Ev
 .text._GLOBAL__sub_I__ZN19L2CAPSignalingClassC2Ev
                0x0000091c       0x16 protocol/L2CAPSignaling.o
 .text._Z6millisv
                0x00000932        0x8 system/XTimer.o
                0x00000932                _Z6millisv
 .text._ZN5XUartD2Ev
                0x0000093a        0x2 system/XUart.o
                0x0000093a                _ZN5XUartD1Ev
                0x0000093a                _ZN5XUartD2Ev
 .text._ZN5XUartD0Ev
                0x0000093c        0x4 system/XUart.o
                0x0000093c                _ZN5XUartD0Ev
 .text._ZN5XUart5beginEm
                0x00000940        0x6 system/XUart.o
                0x00000940                _ZN5XUart5beginEm
 .text._ZN5XUart3endEv
                0x00000946        0x2 system/XUart.o
                0x00000946                _ZN5XUart3endEv
 .text._ZN5XUart9availableEv
                0x00000948        0x6 system/XUart.o
                0x00000948                _ZN5XUart9availableEv
 .text._ZN5XUart4peekEv
                0x0000094e        0x6 system/XUart.o
                0x0000094e                _ZN5XUart4peekEv
 .text._ZN5XUart4readEv
                0x00000954        0x6 system/XUart.o
                0x00000954                _ZN5XUart4readEv
 .text._ZN5XUart5writeEPKhj
                0x0000095a        0x6 system/XUart.o
                0x0000095a                _ZN5XUart5writeEPKhj
 .text._ZN5XUart5flushEv
                0x00000960        0x2 system/XUart.o
                0x00000960                _ZN5XUart5flushEv
 .text._GLOBAL__sub_I__ZN5XUartC2Ev
                0x00000962        0xe system/XUart.o
 .text._Znwj    0x00000970        0x4 system/XUtil.o
                0x00000970                _Znwj
 .text._ZdlPv   0x00000974        0x4 system/XUtil.o
                0x00000974                _ZdlPv
 .text.avr-libc
                0x00000978      0x712 e:/atmelstudio7/7.0/toolchain/avr8/avr8-gnu-toolchain/bin/../lib/gcc/avr/5.4.0/../../../../avr/lib/avr51\libprintf_flt.a(vfprintf_flt.o)
                0x00000978                vfprintf
 .text.libgcc   0x0000108a       0x12 e:/atmelstudio7/7.0/toolchain/avr8/avr8-gnu-toolchain/bin/../lib/gcc/avr/5.4.0/avr51\libgcc.a(_tablejump2.o)
                0x0000108a                __tablejump2__
 .text.avr-libc
                0x0000109c      0x242 e:/atmelstudio7/7.0/toolchain/avr8/avr8-gnu-toolchain/bin/../lib/gcc/avr/5.4.0/../../../../avr/lib/avr51\libc.a(malloc.o)
                0x0000109c                malloc
                0x000011cc                free
 .text.avr-libc
                0x000012de      0x214 e:/atmelstudio7/7.0/toolchain/avr8/avr8-gnu-toolchain/bin/../lib/gcc/avr/5.4.0/../../../../avr/lib/avr51\libc.a(strtoul.o)
                0x000012de                strtoul
 .text.avr-libc
                0x000014f2      0x1b0 e:/atmelstudio7/7.0/toolchain/avr8/avr8-gnu-toolchain/bin/../lib/gcc/avr/5.4.0/../../../../avr/lib/avr51\libc.a(ftoa_engine.o)
                0x000014f2                __ftoa_engine
 .text.avr-libc
                0x000016a2       0x10 e:/atmelstudio7/7.0/toolchain/avr8/avr8-gnu-toolchain/bin/../lib/gcc/avr/5.4.0/../../../../avr/lib/avr51\libc.a(isspace.o)
                0x000016a2                isspace
 .text.avr-libc
                0x000016b2       0x16 e:/atmelstudio7/7.0/toolchain/avr8/avr8-gnu-toolchain/bin/../lib/gcc/avr/5.4.0/../../../../avr/lib/avr51\libc.a(strnlen_P.o)
                0x000016b2                strnlen_P
 .text.avr-libc
                0x000016c8       0x16 e:/atmelstudio7/7.0/toolchain/avr8/avr8-gnu-toolchain/bin/../lib/gcc/avr/5.4.0/../../../../avr/lib/avr51\libc.a(strnlen.o)
                0x000016c8                strnlen
 .text.avr-libc
                0x000016de       0x78 e:/atmelstudio7/7.0/toolchain/avr8/avr8-gnu-toolchain/bin/../lib/gcc/avr/5.4.0/../../../../avr/lib/avr51\libc.a(fputc.o)
                0x000016de                fputc
 .text.avr-libc
                0x00001756       0xbc e:/atmelstudio7/7.0/toolchain/avr8/avr8-gnu-toolchain/bin/../lib/gcc/avr/5.4.0/../../../../avr/lib/avr51\libc.a(ultoa_invert.o)
                0x00001756                __ultoa_invert
 .text.avr-libc
                0x00001812        0x6 e:/atmelstudio7/7.0/toolchain/avr8/avr8-gnu-toolchain/bin/../lib/gcc/avr/5.4.0/../../../../avr/lib/avr51\libc.a(cty_isfalse.o)
                0x00001812                __ctype_isfalse
                0x00001816                __ctype_istrue
 .text.libgcc.mul
                0x00001818       0x1e e:/atmelstudio7/7.0/toolchain/avr8/avr8-gnu-toolchain/bin/../lib/gcc/avr/5.4.0/avr51\libgcc.a(_mulsi3.o)
                0x00001818                __mulsi3
 .text.libgcc.div
                0x00001836       0x44 e:/atmelstudio7/7.0/toolchain/avr8/avr8-gnu-toolchain/bin/../lib/gcc/avr/5.4.0/avr51\libgcc.a(_udivmodsi4.o)
                0x00001836                __udivmodsi4
 .text.libgcc.mul
                0x0000187a       0x14 e:/atmelstudio7/7.0/toolchain/avr8/avr8-gnu-toolchain/bin/../lib/gcc/avr/5.4.0/avr51\libgcc.a(_muluhisi3.o)
                0x0000187a                __muluhisi3
 .text.libgcc.mul
                0x0000188e       0x1e e:/atmelstudio7/7.0/toolchain/avr8/avr8-gnu-toolchain/bin/../lib/gcc/avr/5.4.0/avr51\libgcc.a(_umulhisi3.o)
                0x0000188e                __umulhisi3
                0x000018ac                . = ALIGN (0x2)
 *(.fini9)
 .fini9         0x000018ac        0x0 e:/atmelstudio7/7.0/toolchain/avr8/avr8-gnu-toolchain/bin/../lib/gcc/avr/5.4.0/avr51\libgcc.a(_exit.o)
                0x000018ac                _exit
                0x000018ac                exit
 *(.fini9)
 *(.fini8)
 *(.fini8)
 *(.fini7)
 *(.fini7)
 *(.fini6)
 .fini6         0x000018ac       0x14 e:/atmelstudio7/7.0/toolchain/avr8/avr8-gnu-toolchain/bin/../lib/gcc/avr/5.4.0/avr51\libgcc.a(_dtors.o)
                0x000018ac                __do_global_dtors
 *(.fini6)
 *(.fini5)
 *(.fini5)
 *(.fini4)
 *(.fini4)
 *(.fini3)
 *(.fini3)
 *(.fini2)
 *(.fini2)
 *(.fini1)
 *(.fini1)
 *(.fini0)
 .fini0         0x000018c0        0x4 e:/atmelstudio7/7.0/toolchain/avr8/avr8-gnu-toolchain/bin/../lib/gcc/avr/5.4.0/avr51\libgcc.a(_exit.o)
 *(.fini0)
                0x000018c4                _etext = .

.data           0x00800100       0x9a load address 0x000018c4
                0x00800100                PROVIDE (__data_start, .)
 *(.data)
 .data          0x00800100        0x6 e:/atmelstudio7/7.0/toolchain/avr8/avr8-gnu-toolchain/bin/../lib/gcc/avr/5.4.0/../../../../avr/lib/avr51\libc.a(malloc.o)
                0x00800100                __malloc_heap_end
                0x00800102                __malloc_heap_start
                0x00800104                __malloc_margin
 *(.data*)
 *(.gnu.linkonce.d*)
 *(.rodata)
 *(.rodata*)
 .rodata.str1.1
                0x00800106        0x5 peripheral/LocalCharacteristic.o
 .rodata._ZTV19LocalCharacteristic
                0x0080010b        0xa peripheral/LocalCharacteristic.o
                0x0080010b                _ZTV19LocalCharacteristic
 .rodata._ZTV15LocalDescriptor
                0x00800115        0xa peripheral/LocalDescriptor.o
                0x00800115                _ZTV15LocalDescriptor
 .rodata._ZTV12LocalService
                0x0080011f        0xa peripheral/LocalService.o
                0x0080011f                _ZTV12LocalService
 .rodata._ZTV12BLEAttribute
                0x00800129        0xa profile/BLEAttribute.o
                0x00800129                _ZTV12BLEAttribute
 .rodata._ZTV8ATTClass
                0x00800133        0x8 protocol/ATT.o
                0x00800133                _ZTV8ATTClass
 .rodata._ZTV8GAPClass
                0x0080013b        0x8 protocol/GAP.o
                0x0080013b                _ZTV8GAPClass
 .rodata.str1.1
                0x00800143       0x21 protocol/GATT.o
 .rodata._ZTV9GATTClass
                0x00800164        0x8 protocol/GATT.o
                0x00800164                _ZTV9GATTClass
 .rodata._ZTV8HCIClass
                0x0080016c        0x8 protocol/HCI.o
                0x0080016c                _ZTV8HCIClass
 .rodata._ZTV21HCIUartTransportClass
                0x00800174       0x16 protocol/HCIUartTransport.o
                0x00800174                _ZTV21HCIUartTransportClass
 .rodata._ZTV19L2CAPSignalingClass
                0x0080018a        0x8 protocol/L2CAPSignaling.o
                0x0080018a                _ZTV19L2CAPSignalingClass
 .rodata._ZTV5XUart
                0x00800192        0x8 system/XUart.o
                0x00800192                _ZTV5XUart
 *(.gnu.linkonce.r*)
                0x0080019a                . = ALIGN (0x2)
                0x0080019a                _edata = .
                0x0080019a                PROVIDE (__data_end, .)

.bss            0x0080019a      0x232
                0x0080019a                PROVIDE (__bss_start, .)
 *(.bss)
 *(.bss*)
 .bss.g_att     0x0080019a       0x19 protocol/ATT.o
                0x0080019a                g_att
 .bss.g_gap     0x008001b3       0x14 protocol/GAP.o
                0x008001b3                g_gap
 .bss.g_gatt    0x008001c7       0xe0 protocol/GATT.o
                0x008001c7                g_gatt
 .bss.g_hci     0x008002a7      0x10f protocol/HCI.o
                0x008002a7                g_hci
 .bss.g_hciUartTransport
                0x008003b6        0x8 protocol/HCIUartTransport.o
                0x008003b6                g_hciUartTransport
 .bss.g_l2capSignaling
                0x008003be        0x6 protocol/L2CAPSignaling.o
                0x008003be                g_l2capSignaling
 .bss.g_uart    0x008003c4        0x2 system/XUart.o
                0x008003c4                g_uart
 *(COMMON)
 COMMON         0x008003c6        0x4 e:/atmelstudio7/7.0/toolchain/avr8/avr8-gnu-toolchain/bin/../lib/gcc/avr/5.4.0/../../../../avr/lib/avr51\libc.a(malloc.o)
                0x008003c6                __brkval
                0x008003c8                __flp
 COMMON         0x008003ca        0x2 e:/atmelstudio7/7.0/toolchain/avr8/avr8-gnu-toolchain/bin/../lib/gcc/avr/5.4.0/../../../../avr/lib/avr51\libc.a(errno.o)
                0x008003ca                errno
                0x008003cc                PROVIDE (__bss_end, .)
                0x000018c4                __data_load_start = LOADADDR (.data)
                0x0000195e                __data_load_end = (__data_load_start + SIZEOF (.data))

.noinit         0x008003cc        0x0
                [!provide]                PROVIDE (__noinit_start, .)
 *(.noinit*)
                [!provide]                PROVIDE (__noinit_end, .)
                0x008003cc                _end = .
                0x008003cc                PROVIDE (__heap_start, .)

.eeprom         0x00810000        0x0
 *(.eeprom*)
                0x00810000                __eeprom_end = .

.fuse
 *(.fuse)
 *(.lfuse)
 *(.hfuse)
 *(.efuse)

.lock
 *(.lock*)

.signature
 *(.signature*)

.user_signatures
 *(.user_signatures*)

.stab
 *(.stab)

.stabstr
 *(.stabstr)

.stab.excl
 *(.stab.excl)

.stab.exclstr
 *(.stab.exclstr)

.stab.index
 *(.stab.index)

.stab.indexstr
 *(.stab.indexstr)

.comment        0x00000000       0x5c
 *(.comment)
 .comment       0x00000000       0x30 main.o
                                 0x31 (size before relaxing)
 .comment       0x00000030       0x31 peripheral/LocalCharacteristic.o
 .comment       0x00000030       0x31 peripheral/LocalDescriptor.o
 .comment       0x00000030       0x31 peripheral/LocalService.o
 .comment       0x00000030       0x31 profile/BLEAttribute.o
 .comment       0x00000030       0x31 profile/BLEUUID.o
 .comment       0x00000030       0x31 protocol/ATT.o
 .comment       0x00000030       0x31 protocol/GAP.o
 .comment       0x00000030       0x31 protocol/GATT.o
 .comment       0x00000030       0x31 protocol/HCI.o
 .comment       0x00000030       0x31 protocol/HCIUartTransport.o
 .comment       0x00000030       0x31 protocol/L2CAPSignaling.o
 .comment       0x00000030       0x31 system/XTimer.o
 .comment       0x00000030       0x31 system/XUart.o
 .comment       0x00000030       0x31 system/XUtil.o
 .comment       0x00000030       0x2c e:/atmelstudio7/7.0/toolchain/avr8/avr8-gnu-toolchain/bin/../lib/gcc/avr/5.4.0/../../../../avr/lib/avr51\libprintf_flt.a(vfprintf_flt.o)
                                 0x2d (size before relaxing)
 .comment       0x0000005c       0x31 e:/atmelstudio7/7.0/toolchain/avr8/avr8-gnu-toolchain/bin/../lib/gcc/avr/5.4.0/../../../../avr/lib/avr51\libc.a(malloc.o)
 .comment       0x0000005c       0x31 e:/atmelstudio7/7.0/toolchain/avr8/avr8-gnu-toolchain/bin/../lib/gcc/avr/5.4.0/../../../../avr/lib/avr51\libc.a(strtoul.o)
 .comment       0x0000005c       0x31 e:/atmelstudio7/7.0/toolchain/avr8/avr8-gnu-toolchain/bin/../lib/gcc/avr/5.4.0/../../../../avr/lib/avr51\libc.a(fputc.o)
 .comment       0x0000005c       0x2d e:/atmelstudio7/7.0/toolchain/avr8/avr8-gnu-toolchain/bin/../lib/gcc/avr/5.4.0/../../../../avr/lib/avr51\libc.a(errno.o)

.note.gnu.avr.deviceinfo
                0x00000000       0x40
 .note.gnu.avr.deviceinfo
                0x00000000       0x40 E:/AtmelStudio7/7.0/Packs/Atmel/ATmega_DFP/1.3.300/gcc/dev/atmega128a/avr51/crtatmega128a.o

.note.gnu.build-id
 *(.note.gnu.build-id)

.debug
 *(.debug)

.line
 *(.line)

.debug_srcinfo
 *(.debug_srcinfo)

.debug_sfnames
 *(.debug_sfnames)

.debug_aranges  0x00000000      0x718
 *(.debug_aranges)
 .debug_aranges
                0x00000000       0x20 main.o
 .debug_aranges
                0x00000020       0xe0 peripheral/LocalCharacteristic.o
 .debug_aranges
                0x00000100       0x68 peripheral/LocalDescriptor.o
 .debug_aranges
                0x00000168       0x70 peripheral/LocalService.o
 .debug_aranges
                0x000001d8       0x60 profile/BLEAttribute.o
 .debug_aranges
                0x00000238       0x38 profile/BLEUUID.o
 .debug_aranges
                0x00000270       0xf0 protocol/ATT.o
 .debug_aranges
                0x00000360       0x88 protocol/GAP.o
 .debug_aranges
                0x000003e8       0x90 protocol/GATT.o
 .debug_aranges
                0x00000478       0xf8 protocol/HCI.o
 .debug_aranges
                0x00000570       0x78 protocol/HCIUartTransport.o
 .debug_aranges
                0x000005e8       0x70 protocol/L2CAPSignaling.o
 .debug_aranges
                0x00000658       0x20 system/XTimer.o
 .debug_aranges
                0x00000678       0x78 system/XUart.o
 .debug_aranges
                0x000006f0       0x28 system/XUtil.o

.debug_pubnames
 *(.debug_pubnames)

.debug_info     0x00000000     0xbb81
 *(.debug_info .gnu.linkonce.wi.*)
 .debug_info    0x00000000      0x780 E:/AtmelStudio7/7.0/Packs/Atmel/ATmega_DFP/1.3.300/gcc/dev/atmega128a/avr51/crtatmega128a.o
 .debug_info    0x00000780       0x7c main.o
 .debug_info    0x000007fc     0x14df peripheral/LocalCharacteristic.o
 .debug_info    0x00001cdb      0x5a5 peripheral/LocalDescriptor.o
 .debug_info    0x00002280      0x8ba peripheral/LocalService.o
 .debug_info    0x00002b3a      0x573 profile/BLEAttribute.o
 .debug_info    0x000030ad      0x2be profile/BLEUUID.o
 .debug_info    0x0000336b     0x32ff protocol/ATT.o
 .debug_info    0x0000666a      0x9f5 protocol/GAP.o
 .debug_info    0x0000705f     0x128f protocol/GATT.o
 .debug_info    0x000082ee     0x1fbb protocol/HCI.o
 .debug_info    0x0000a2a9      0x8e1 protocol/HCIUartTransport.o
 .debug_info    0x0000ab8a      0x982 protocol/L2CAPSignaling.o
 .debug_info    0x0000b50c       0x4e system/XTimer.o
 .debug_info    0x0000b55a      0x4fa system/XUart.o
 .debug_info    0x0000ba54      0x12d system/XUtil.o

.debug_abbrev   0x00000000     0x2e54
 *(.debug_abbrev)
 .debug_abbrev  0x00000000      0x718 E:/AtmelStudio7/7.0/Packs/Atmel/ATmega_DFP/1.3.300/gcc/dev/atmega128a/avr51/crtatmega128a.o
 .debug_abbrev  0x00000718       0x47 main.o
 .debug_abbrev  0x0000075f      0x3ea peripheral/LocalCharacteristic.o
 .debug_abbrev  0x00000b49      0x23e peripheral/LocalDescriptor.o
 .debug_abbrev  0x00000d87      0x36a peripheral/LocalService.o
 .debug_abbrev  0x000010f1      0x24d profile/BLEAttribute.o
 .debug_abbrev  0x0000133e      0x1b8 profile/BLEUUID.o
 .debug_abbrev  0x000014f6      0x4f0 protocol/ATT.o
 .debug_abbrev  0x000019e6      0x30e protocol/GAP.o
 .debug_abbrev  0x00001cf4      0x389 protocol/GATT.o
 .debug_abbrev  0x0000207d      0x4a7 protocol/HCI.o
 .debug_abbrev  0x00002524      0x318 protocol/HCIUartTransport.o
 .debug_abbrev  0x0000283c      0x2f1 protocol/L2CAPSignaling.o
 .debug_abbrev  0x00002b2d       0x3c system/XTimer.o
 .debug_abbrev  0x00002b69      0x225 system/XUart.o
 .debug_abbrev  0x00002d8e       0xc6 system/XUtil.o

.debug_line     0x00000000     0x331b
 *(.debug_line .debug_line.* .debug_line_end)
 .debug_line    0x00000000      0x169 E:/AtmelStudio7/7.0/Packs/Atmel/ATmega_DFP/1.3.300/gcc/dev/atmega128a/avr51/crtatmega128a.o
 .debug_line    0x00000169       0x3b main.o
 .debug_line    0x000001a4      0x5bf peripheral/LocalCharacteristic.o
 .debug_line    0x00000763      0x1bc peripheral/LocalDescriptor.o
 .debug_line    0x0000091f      0x270 peripheral/LocalService.o
 .debug_line    0x00000b8f      0x18a profile/BLEAttribute.o
 .debug_line    0x00000d19      0x163 profile/BLEUUID.o
 .debug_line    0x00000e7c      0xe93 protocol/ATT.o
 .debug_line    0x00001d0f      0x347 protocol/GAP.o
 .debug_line    0x00002056      0x47a protocol/GATT.o
 .debug_line    0x000024d0      0x691 protocol/HCI.o
 .debug_line    0x00002b61      0x26b protocol/HCIUartTransport.o
 .debug_line    0x00002dcc      0x224 protocol/L2CAPSignaling.o
 .debug_line    0x00002ff0       0x48 system/XTimer.o
 .debug_line    0x00003038      0x1d6 system/XUart.o
 .debug_line    0x0000320e      0x10d system/XUtil.o

.debug_frame    0x00000000     0x17a4
 *(.debug_frame)
 .debug_frame   0x00000000       0x24 main.o
 .debug_frame   0x00000024      0x2f0 peripheral/LocalCharacteristic.o
 .debug_frame   0x00000314       0xe0 peripheral/LocalDescriptor.o
 .debug_frame   0x000003f4      0x124 peripheral/LocalService.o
 .debug_frame   0x00000518       0xb0 profile/BLEAttribute.o
 .debug_frame   0x000005c8       0x88 profile/BLEUUID.o
 .debug_frame   0x00000650      0x628 protocol/ATT.o
 .debug_frame   0x00000c78      0x138 protocol/GAP.o
 .debug_frame   0x00000db0      0x224 protocol/GATT.o
 .debug_frame   0x00000fd4      0x45c protocol/HCI.o
 .debug_frame   0x00001430      0x11c protocol/HCIUartTransport.o
 .debug_frame   0x0000154c      0x12c protocol/L2CAPSignaling.o
 .debug_frame   0x00001678       0x24 system/XTimer.o
 .debug_frame   0x0000169c       0xd4 system/XUart.o
 .debug_frame   0x00001770       0x34 system/XUtil.o

.debug_str      0x00000000     0x3619
 *(.debug_str)
 .debug_str     0x00000000      0x27d E:/AtmelStudio7/7.0/Packs/Atmel/ATmega_DFP/1.3.300/gcc/dev/atmega128a/avr51/crtatmega128a.o
 .debug_str     0x0000027d      0x162 main.o
                                0x196 (size before relaxing)
 .debug_str     0x000003df      0xb04 peripheral/LocalCharacteristic.o
                                0xd79 (size before relaxing)
 .debug_str     0x00000ee3      0x1c6 peripheral/LocalDescriptor.o
                                0x458 (size before relaxing)
 .debug_str     0x000010a9      0x3fc peripheral/LocalService.o
                                0x6f5 (size before relaxing)
 .debug_str     0x000014a5      0x1d7 profile/BLEAttribute.o
                                0x44d (size before relaxing)
 .debug_str     0x0000167c       0x36 profile/BLEUUID.o
                                0x24a (size before relaxing)
 .debug_str     0x000016b2      0x70e protocol/ATT.o
                                0xe37 (size before relaxing)
 .debug_str     0x00001dc0      0x41a protocol/GAP.o
                                0x7fe (size before relaxing)
 .debug_str     0x000021da      0x3ef protocol/GATT.o
                                0xb39 (size before relaxing)
 .debug_str     0x000025c9      0x80a protocol/HCI.o
                                0xd90 (size before relaxing)
 .debug_str     0x00002dd3      0x4c2 protocol/HCIUartTransport.o
                                0x775 (size before relaxing)
 .debug_str     0x00003295      0x2b1 protocol/L2CAPSignaling.o
                                0x6e3 (size before relaxing)
 .debug_str     0x00003546       0x15 system/XTimer.o
                                0x155 (size before relaxing)
 .debug_str     0x0000355b       0xaa system/XUart.o
                                0x38d (size before relaxing)
 .debug_str     0x00003605       0x14 system/XUtil.o
                                0x1d9 (size before relaxing)

.debug_loc      0x00000000     0x7fc8
 *(.debug_loc)
 .debug_loc     0x00000000      0xdba peripheral/LocalCharacteristic.o
 .debug_loc     0x00000dba      0x2ed peripheral/LocalDescriptor.o
 .debug_loc     0x000010a7      0x479 peripheral/LocalService.o
 .debug_loc     0x00001520      0x1c0 profile/BLEAttribute.o
 .debug_loc     0x000016e0      0x19c profile/BLEUUID.o
 .debug_loc     0x0000187c     0x36bb protocol/ATT.o
 .debug_loc     0x00004f37      0x30b protocol/GAP.o
 .debug_loc     0x00005242      0xa19 protocol/GATT.o
 .debug_loc     0x00005c5b     0x19a5 protocol/HCI.o
 .debug_loc     0x00007600      0x3a5 protocol/HCIUartTransport.o
 .debug_loc     0x000079a5      0x4ca protocol/L2CAPSignaling.o
 .debug_loc     0x00007e6f      0x10d system/XUart.o
 .debug_loc     0x00007f7c       0x4c system/XUtil.o

.debug_macinfo
 *(.debug_macinfo)

.debug_weaknames
 *(.debug_weaknames)

.debug_funcnames
 *(.debug_funcnames)

.debug_typenames
 *(.debug_typenames)

.debug_varnames
 *(.debug_varnames)

.debug_pubtypes
 *(.debug_pubtypes)

.debug_ranges   0x00000000      0x810
 *(.debug_ranges)
 .debug_ranges  0x00000000       0x10 main.o
 .debug_ranges  0x00000010       0xe8 peripheral/LocalCharacteristic.o
 .debug_ranges  0x000000f8       0x58 peripheral/LocalDescriptor.o
 .debug_ranges  0x00000150       0x60 peripheral/LocalService.o
 .debug_ranges  0x000001b0       0x50 profile/BLEAttribute.o
 .debug_ranges  0x00000200       0x28 profile/BLEUUID.o
 .debug_ranges  0x00000228      0x250 protocol/ATT.o
 .debug_ranges  0x00000478       0x78 protocol/GAP.o
 .debug_ranges  0x000004f0       0xb0 protocol/GATT.o
 .debug_ranges  0x000005a0      0x118 protocol/HCI.o
 .debug_ranges  0x000006b8       0x68 protocol/HCIUartTransport.o
 .debug_ranges  0x00000720       0x60 protocol/L2CAPSignaling.o
 .debug_ranges  0x00000780       0x10 system/XTimer.o
 .debug_ranges  0x00000790       0x68 system/XUart.o
 .debug_ranges  0x000007f8       0x18 system/XUtil.o

.debug_macro
 *(.debug_macro)
OUTPUT(RdtOneBLE.elf elf32-avr)
LOAD linker stubs
